current directory: /workspace/.bundle-gems/ruby/3.4.0/gems/bcrypt_pbkdf-1.1.2/ext/mri
/usr/local/bin/ruby extconf.rb
creating Makefile

current directory: /workspace/.bundle-gems/ruby/3.4.0/gems/bcrypt_pbkdf-1.1.2/ext/mri
make DESTDIR\= sitearchdir\=./.gem.20260326-575-m4g66i sitelibdir\=./.gem.20260326-575-m4g66i clean

current directory: /workspace/.bundle-gems/ruby/3.4.0/gems/bcrypt_pbkdf-1.1.2/ext/mri
make DESTDIR\= sitearchdir\=./.gem.20260326-575-m4g66i sitelibdir\=./.gem.20260326-575-m4g66i
compiling bcrypt_pbkdf.c
compiling bcrypt_pbkdf_ext.c
bcrypt_pbkdf_ext.c: In function 'Init_bcrypt_pbkdf_ext':
bcrypt_pbkdf_ext.c:38:6: warning: old-style function definition [-Wold-style-definition]
   38 | void Init_bcrypt_pbkdf_ext(){
      |      ^~~~~~~~~~~~~~~~~~~~~
At top level:
cc1: note: unrecognized command-line option '-Wno-self-assign' may have been intended to silence earlier diagnostics
cc1: note: unrecognized command-line option '-Wno-parentheses-equality' may have been intended to silence earlier diagnostics
cc1: note: unrecognized command-line option '-Wno-constant-logical-operand' may have been intended to silence earlier diagnostics
compiling blowfish.c
compiling explicit_bzero.c
compiling hash_sha512.c
linking shared-object bcrypt_pbkdf_ext.so

current directory: /workspace/.bundle-gems/ruby/3.4.0/gems/bcrypt_pbkdf-1.1.2/ext/mri
make DESTDIR\= sitearchdir\=./.gem.20260326-575-m4g66i sitelibdir\=./.gem.20260326-575-m4g66i install
/usr/bin/install -c -m 0755 bcrypt_pbkdf_ext.so ./.gem.20260326-575-m4g66i

current directory: /workspace/.bundle-gems/ruby/3.4.0/gems/bcrypt_pbkdf-1.1.2/ext/mri
make DESTDIR\= sitearchdir\=./.gem.20260326-575-m4g66i sitelibdir\=./.gem.20260326-575-m4g66i clean
