current directory: /workspace/.bundle-gems/ruby/3.4.0/gems/bigdecimal-4.0.1/ext/bigdecimal
/usr/local/bin/ruby extconf.rb
checking for __builtin_clz()... yes
checking for __builtin_clzl()... yes
checking for __builtin_clzll()... yes
checking for float.h... yes
checking for math.h... yes
checking for stdbool.h... yes
checking for stdlib.h... yes
checking for x86intrin.h... no
checking for intrin.h... no
checking for ruby/atomic.h... yes
checking for ruby/internal/has/builtin.h... yes
checking for ruby/internal/static_assert.h... yes
checking for rb_complex_real() in ruby.h... yes
checking for rb_complex_imag() in ruby.h... yes
checking for rb_opts_exception_p() in ruby.h... yes
checking for rb_category_warn() in ruby.h... yes
checking for RB_WARN_CATEGORY_DEPRECATED in ruby.h... yes
creating Makefile

current directory: /workspace/.bundle-gems/ruby/3.4.0/gems/bigdecimal-4.0.1/ext/bigdecimal
make DESTDIR\= sitearchdir\=./.gem.20260326-575-gkl1o sitelibdir\=./.gem.20260326-575-gkl1o clean

current directory: /workspace/.bundle-gems/ruby/3.4.0/gems/bigdecimal-4.0.1/ext/bigdecimal
make DESTDIR\= sitearchdir\=./.gem.20260326-575-gkl1o sitelibdir\=./.gem.20260326-575-gkl1o
compiling bigdecimal.c
compiling missing.c
linking shared-object bigdecimal.so

current directory: /workspace/.bundle-gems/ruby/3.4.0/gems/bigdecimal-4.0.1/ext/bigdecimal
make DESTDIR\= sitearchdir\=./.gem.20260326-575-gkl1o sitelibdir\=./.gem.20260326-575-gkl1o install
/usr/bin/install -c -m 0755 bigdecimal.so ./.gem.20260326-575-gkl1o

current directory: /workspace/.bundle-gems/ruby/3.4.0/gems/bigdecimal-4.0.1/ext/bigdecimal
make DESTDIR\= sitearchdir\=./.gem.20260326-575-gkl1o sitelibdir\=./.gem.20260326-575-gkl1o clean
