2026-03-27 13:48:10.852 UTC [1990] LOG:  starting PostgreSQL 16.6 on aarch64-unknown-linux-gnu, compiled by gcc (Ubuntu/Linaro 7.5.0-3ubuntu1~18.04) 7.5.0, 64-bit
2026-03-27 13:48:10.853 UTC [1990] LOG:  listening on IPv6 address "::1", port 5432
2026-03-27 13:48:10.853 UTC [1990] LOG:  listening on IPv4 address "127.0.0.1", port 5432
2026-03-27 13:48:10.855 UTC [1990] LOG:  listening on Unix socket "/tmp/.s.PGSQL.5432"
2026-03-27 13:48:10.860 UTC [1993] LOG:  database system was shut down at 2026-03-27 13:48:06 UTC
2026-03-27 13:48:10.865 UTC [1990] LOG:  database system is ready to accept connections
2026-03-27 13:48:26.160 UTC [2012] ERROR:  role "agent" already exists
2026-03-27 13:48:26.160 UTC [2012] STATEMENT:  CREATE USER agent WITH PASSWORD 'agent' SUPERUSER
2026-03-27 13:48:41.902 UTC [2030] FATAL:  database "paid_development_cable" does not exist
2026-03-27 13:48:42.025 UTC [2035] ERROR:  relation "solid_cable_messages" already exists
2026-03-27 13:48:42.025 UTC [2035] STATEMENT:  CREATE TABLE "solid_cable_messages" ("id" bigserial primary key, "channel" bytea NOT NULL, "payload" bytea NOT NULL, "created_at" timestamp(6) NOT NULL, "channel_hash" bigint NOT NULL) /*application='Paid'*/
2026-03-27 13:48:46.160 UTC [2045] ERROR:  relation "solid_cable_messages" already exists
2026-03-27 13:48:46.160 UTC [2045] STATEMENT:  CREATE TABLE "solid_cable_messages" ("id" bigserial primary key, "channel" bytea NOT NULL, "payload" bytea NOT NULL, "created_at" timestamp(6) NOT NULL, "channel_hash" bigint NOT NULL) /*application='Paid'*/
2026-03-27 13:48:50.931 UTC [1991] LOG:  checkpoint starting: immediate force wait
2026-03-27 13:48:51.230 UTC [1991] LOG:  checkpoint complete: wrote 935 buffers (5.7%); 1 WAL file(s) added, 0 removed, 0 recycled; write=0.023 s, sync=0.248 s, total=0.300 s; sync files=319, longest=0.044 s, average=0.001 s; distance=10394 kB, estimate=10394 kB; lsn=0/1F04958, redo lsn=0/1F04920
2026-03-27 13:48:51.246 UTC [1991] LOG:  checkpoint starting: immediate force wait
2026-03-27 13:48:51.250 UTC [1991] LOG:  checkpoint complete: wrote 2 buffers (0.0%); 0 WAL file(s) added, 0 removed, 0 recycled; write=0.001 s, sync=0.002 s, total=0.005 s; sync files=2, longest=0.001 s, average=0.001 s; distance=1 kB, estimate=9355 kB; lsn=0/1F04E58, redo lsn=0/1F04E20
2026-03-27 13:48:52.503 UTC [2062] ERROR:  relation "solid_cable_messages" already exists
2026-03-27 13:48:52.503 UTC [2062] STATEMENT:  CREATE TABLE "solid_cable_messages" ("id" bigserial primary key, "channel" bytea NOT NULL, "payload" bytea NOT NULL, "created_at" timestamp(6) NOT NULL, "channel_hash" bigint NOT NULL) /*application='Paid'*/
2026-03-27 13:48:56.772 UTC [2073] ERROR:  relation "solid_cable_messages" already exists
2026-03-27 13:48:56.772 UTC [2073] STATEMENT:  CREATE TABLE "solid_cable_messages" ("id" bigserial primary key, "channel" bytea NOT NULL, "payload" bytea NOT NULL, "created_at" timestamp(6) NOT NULL, "channel_hash" bigint NOT NULL) /*application='Paid'*/
2026-03-27 13:49:07.129 UTC [2079] ERROR:  database "paid_development_cable" already exists
2026-03-27 13:49:07.129 UTC [2079] STATEMENT:  CREATE DATABASE paid_development_cable OWNER agent
2026-03-27 13:49:07.726 UTC [2084] FATAL:  role "postgres" does not exist
2026-03-27 13:49:07.830 UTC [2085] FATAL:  role "postgres" does not exist
2026-03-27 13:49:12.442 UTC [2093] FATAL:  role "postgres" does not exist
2026-03-27 13:49:12.545 UTC [2094] FATAL:  role "postgres" does not exist
2026-03-27 13:49:18.613 UTC [1991] LOG:  checkpoint starting: immediate force wait
2026-03-27 13:49:19.309 UTC [1991] LOG:  checkpoint complete: wrote 2759 buffers (16.8%); 0 WAL file(s) added, 0 removed, 2 recycled; write=0.100 s, sync=0.588 s, total=0.696 s; sync files=910, longest=0.072 s, average=0.001 s; distance=18856 kB, estimate=18856 kB; lsn=0/316EF30, redo lsn=0/316EEF8
2026-03-27 13:49:19.337 UTC [1991] LOG:  checkpoint starting: immediate force wait
2026-03-27 13:49:19.560 UTC [1991] LOG:  checkpoint complete: wrote 917 buffers (5.6%); 0 WAL file(s) added, 0 removed, 0 recycled; write=0.026 s, sync=0.195 s, total=0.224 s; sync files=300, longest=0.028 s, average=0.001 s; distance=4232 kB, estimate=17393 kB; lsn=0/35912D8, redo lsn=0/35912A0
2026-03-27 13:49:19.584 UTC [1991] LOG:  checkpoint starting: immediate force wait
2026-03-27 13:49:19.798 UTC [1991] LOG:  checkpoint complete: wrote 917 buffers (5.6%); 0 WAL file(s) added, 0 removed, 0 recycled; write=0.016 s, sync=0.193 s, total=0.215 s; sync files=300, longest=0.027 s, average=0.001 s; distance=4233 kB, estimate=16077 kB; lsn=0/39B3748, redo lsn=0/39B3710
2026-03-27 13:49:19.820 UTC [1991] LOG:  checkpoint starting: immediate force wait
2026-03-27 13:49:20.042 UTC [1991] LOG:  checkpoint complete: wrote 917 buffers (5.6%); 0 WAL file(s) added, 0 removed, 0 recycled; write=0.016 s, sync=0.200 s, total=0.222 s; sync files=300, longest=0.027 s, average=0.001 s; distance=4233 kB, estimate=14893 kB; lsn=0/3DD5C70, redo lsn=0/3DD5C38
2026-03-27 13:49:29.544 UTC [1991] LOG:  checkpoint starting: immediate force wait
2026-03-27 13:49:29.796 UTC [1991] LOG:  checkpoint complete: wrote 918 buffers (5.6%); 0 WAL file(s) added, 0 removed, 1 recycled; write=0.017 s, sync=0.228 s, total=0.252 s; sync files=300, longest=0.047 s, average=0.001 s; distance=6849 kB, estimate=14088 kB; lsn=0/44861B8, redo lsn=0/4486180
2026-03-27 13:50:15.564 UTC [2149] ERROR:  duplicate key value violates unique constraint "index_project_versions_on_project_id_and_commit_sha"
2026-03-27 13:50:15.564 UTC [2149] DETAIL:  Key (project_id, commit_sha)=(487, aaaaaaaaaaaaaaaaaaaaaaaaaaaaaaaaaaaaaaaa) already exists.
2026-03-27 13:50:15.564 UTC [2149] STATEMENT:  INSERT INTO "project_versions" ("branch", "commit_sha", "committed_at", "created_at", "metadata", "parent_sha", "project_id", "updated_at") VALUES ($1, $2, $3, $4, $5, $6, $7, $8) RETURNING "id"
2026-03-27 13:50:15.566 UTC [2149] ERROR:  duplicate key value violates unique constraint "index_collector_runs_on_project_version_id_and_collector_type"
2026-03-27 13:50:15.566 UTC [2149] DETAIL:  Key (project_version_id, collector_type)=(38, test_collector) already exists.
2026-03-27 13:50:15.566 UTC [2149] STATEMENT:  INSERT INTO "collector_runs" ("artifacts_count", "collector_type", "completed_at", "created_at", "duration_ms", "error_message", "metadata", "project_version_id", "started_at", "status", "tool_version", "updated_at") VALUES ($1, $2, $3, $4, $5, $6, $7, $8, $9, $10, $11, $12) RETURNING "id"
2026-03-27 13:50:15.595 UTC [2149] ERROR:  duplicate key value violates unique constraint "index_project_versions_on_project_id_and_commit_sha"
2026-03-27 13:50:15.595 UTC [2149] DETAIL:  Key (project_id, commit_sha)=(488, aaaaaaaaaaaaaaaaaaaaaaaaaaaaaaaaaaaaaaaa) already exists.
2026-03-27 13:50:15.595 UTC [2149] STATEMENT:  INSERT INTO "project_versions" ("branch", "commit_sha", "committed_at", "created_at", "metadata", "parent_sha", "project_id", "updated_at") VALUES ($1, $2, $3, $4, $5, $6, $7, $8) RETURNING "id"
2026-03-27 13:50:15.596 UTC [2149] ERROR:  duplicate key value violates unique constraint "index_collector_runs_on_project_version_id_and_collector_type"
2026-03-27 13:50:15.596 UTC [2149] DETAIL:  Key (project_version_id, collector_type)=(40, test_collector) already exists.
2026-03-27 13:50:15.596 UTC [2149] STATEMENT:  INSERT INTO "collector_runs" ("artifacts_count", "collector_type", "completed_at", "created_at", "duration_ms", "error_message", "metadata", "project_version_id", "started_at", "status", "tool_version", "updated_at") VALUES ($1, $2, $3, $4, $5, $6, $7, $8, $9, $10, $11, $12) RETURNING "id"
2026-03-27 13:50:42.459 UTC [2149] ERROR:  duplicate key value violates unique constraint "idx_agent_runs_unique_active_issue"
2026-03-27 13:50:42.459 UTC [2149] DETAIL:  Key (project_id, issue_id)=(1030, 1148) already exists.
2026-03-27 13:50:42.459 UTC [2149] STATEMENT:  INSERT INTO "agent_runs" ("agent_type", "auth_provider", "auto_pick", "avg_cpu_percent", "avg_memory_bytes", "base_commit_sha", "branch_name", "completed_at", "container_id", "container_metrics_count", "cost_cents", "created_at", "created_issue_number", "created_issue_url", "custom_prompt", "duration_seconds", "error_message", "final_provider", "goal", "issue_id", "iterations", "peak_cpu_percent", "peak_memory_bytes", "project_id", "prompt_version_id", "provider_switches", "providers_attempted", "proxy_token", "pull_request_number", "pull_request_url", "rate_limited_until", "result_commit_sha", "review_posted_at", "review_url", "service_container_ids", "service_environment", "source_pull_request_number", "started_at", "status", "temporal_run_id", "temporal_workflow_id", "tokens_input", "tokens_output", "trigger_type", "updated_at", "worktree_path") VALUES ($1, $2, $3, $4, $5, $6, $7, $8, $9, $10, $11, $12, $13, $14, $15, $16, $17, $18, $19, $20, $21, $22, $23, $24, $25, $26, $27, $28, $29, $30, $31, $32, $33, $34, $35, $36, $37, $38, $39, $40, $41, $42, $43, $44, $45, $46) RETURNING "id"
2026-03-27 13:50:43.325 UTC [2149] ERROR:  duplicate key value violates unique constraint "idx_agent_runs_unique_active_issue"
2026-03-27 13:50:43.325 UTC [2149] DETAIL:  Key (project_id, issue_id)=(1048, 1163) already exists.
2026-03-27 13:50:43.325 UTC [2149] STATEMENT:  INSERT INTO "agent_runs" ("agent_type", "auth_provider", "auto_pick", "avg_cpu_percent", "avg_memory_bytes", "base_commit_sha", "branch_name", "completed_at", "container_id", "container_metrics_count", "cost_cents", "created_at", "created_issue_number", "created_issue_url", "custom_prompt", "duration_seconds", "error_message", "final_provider", "goal", "issue_id", "iterations", "peak_cpu_percent", "peak_memory_bytes", "project_id", "prompt_version_id", "provider_switches", "providers_attempted", "proxy_token", "pull_request_number", "pull_request_url", "rate_limited_until", "result_commit_sha", "review_posted_at", "review_url", "service_container_ids", "service_environment", "source_pull_request_number", "started_at", "status", "temporal_run_id", "temporal_workflow_id", "tokens_input", "tokens_output", "trigger_type", "updated_at", "worktree_path") VALUES ($1, $2, $3, $4, $5, $6, $7, $8, $9, $10, $11, $12, $13, $14, $15, $16, $17, $18, $19, $20, $21, $22, $23, $24, $25, $26, $27, $28, $29, $30, $31, $32, $33, $34, $35, $36, $37, $38, $39, $40, $41, $42, $43, $44, $45, $46) RETURNING "id"
2026-03-27 13:50:58.766 UTC [2149] ERROR:  duplicate key value violates unique constraint "index_ab_tests_one_running_per_prompt"
2026-03-27 13:50:58.766 UTC [2149] DETAIL:  Key (prompt_id)=(122) already exists.
2026-03-27 13:50:58.766 UTC [2149] STATEMENT:  UPDATE "ab_tests" SET "started_at" = $1, "status" = $2, "updated_at" = $3 WHERE "ab_tests"."id" = $4
2026-03-27 13:51:14.783 UTC [2149] ERROR:  duplicate key value violates unique constraint "index_collector_runs_on_project_version_id_and_collector_type"
2026-03-27 13:51:14.783 UTC [2149] DETAIL:  Key (project_version_id, collector_type)=(115, test_collector_63) already exists.
2026-03-27 13:51:14.783 UTC [2149] STATEMENT:  INSERT INTO "collector_runs" ("artifacts_count", "collector_type", "completed_at", "created_at", "duration_ms", "error_message", "metadata", "project_version_id", "started_at", "status", "tool_version", "updated_at") VALUES ($1, $2, $3, $4, $5, $6, $7, $8, $9, $10, $11, $12) RETURNING "id"
2026-03-27 13:51:30.525 UTC [2149] ERROR:  duplicate key value violates unique constraint "index_project_versions_on_project_id_and_commit_sha"
2026-03-27 13:51:30.525 UTC [2149] DETAIL:  Key (project_id, commit_sha)=(2254, 18207cfdecc2b27faecb0250d5ebcf7538c25ef3) already exists.
2026-03-27 13:51:30.525 UTC [2149] STATEMENT:  INSERT INTO "project_versions" ("branch", "commit_sha", "committed_at", "created_at", "metadata", "parent_sha", "project_id", "updated_at") VALUES ($1, $2, $3, $4, $5, $6, $7, $8) RETURNING "id"
2026-03-27 13:51:54.262 UTC [5626] ERROR:  duplicate key value violates unique constraint "idx_agent_runs_unique_active_issue"
2026-03-27 13:51:54.262 UTC [5626] DETAIL:  Key (project_id, issue_id)=(2651, 2285) already exists.
2026-03-27 13:51:54.262 UTC [5626] STATEMENT:  INSERT INTO "agent_runs" ("agent_type", "auth_provider", "auto_pick", "avg_cpu_percent", "avg_memory_bytes", "base_commit_sha", "branch_name", "completed_at", "container_id", "container_metrics_count", "cost_cents", "created_at", "created_issue_number", "created_issue_url", "custom_prompt", "duration_seconds", "error_message", "final_provider", "goal", "issue_id", "iterations", "peak_cpu_percent", "peak_memory_bytes", "project_id", "prompt_version_id", "provider_switches", "providers_attempted", "proxy_token", "pull_request_number", "pull_request_url", "rate_limited_until", "result_commit_sha", "review_posted_at", "review_url", "service_container_ids", "service_environment", "source_pull_request_number", "started_at", "status", "temporal_run_id", "temporal_workflow_id", "tokens_input", "tokens_output", "trigger_type", "updated_at", "worktree_path") VALUES ($1, $2, $3, $4, $5, $6, $7, $8, $9, $10, $11, $12, $13, $14, $15, $16, $17, $18, $19, $20, $21, $22, $23, $24, $25, $26, $27, $28, $29, $30, $31, $32, $33, $34, $35, $36, $37, $38, $39, $40, $41, $42, $43, $44, $45, $46) RETURNING "id"
2026-03-27 13:51:55.715 UTC [5626] ERROR:  duplicate key value violates unique constraint "idx_agent_runs_unique_active_issue"
2026-03-27 13:51:55.715 UTC [5626] DETAIL:  Key (project_id, issue_id)=(2681, 2312) already exists.
2026-03-27 13:51:55.715 UTC [5626] STATEMENT:  INSERT INTO "agent_runs" ("agent_type", "auth_provider", "auto_pick", "avg_cpu_percent", "avg_memory_bytes", "base_commit_sha", "branch_name", "completed_at", "container_id", "container_metrics_count", "cost_cents", "created_at", "created_issue_number", "created_issue_url", "custom_prompt", "duration_seconds", "error_message", "final_provider", "goal", "issue_id", "iterations", "peak_cpu_percent", "peak_memory_bytes", "project_id", "prompt_version_id", "provider_switches", "providers_attempted", "proxy_token", "pull_request_number", "pull_request_url", "rate_limited_until", "result_commit_sha", "review_posted_at", "review_url", "service_container_ids", "service_environment", "source_pull_request_number", "started_at", "status", "temporal_run_id", "temporal_workflow_id", "tokens_input", "tokens_output", "trigger_type", "updated_at", "worktree_path") VALUES ($1, $2, $3, $4, $5, $6, $7, $8, $9, $10, $11, $12, $13, $14, $15, $16, $17, $18, $19, $20, $21, $22, $23, $24, $25, $26, $27, $28, $29, $30, $31, $32, $33, $34, $35, $36, $37, $38, $39, $40, $41, $42, $43, $44, $45, $46) RETURNING "id"
2026-03-27 13:52:11.941 UTC [5626] ERROR:  duplicate key value violates unique constraint "index_project_versions_on_project_id_and_commit_sha"
2026-03-27 13:52:11.941 UTC [5626] DETAIL:  Key (project_id, commit_sha)=(3120, f675bc0e98f1cae3c7110577f17825c47d209096) already exists.
2026-03-27 13:52:11.941 UTC [5626] STATEMENT:  INSERT INTO "project_versions" ("branch", "commit_sha", "committed_at", "created_at", "metadata", "parent_sha", "project_id", "updated_at") VALUES ($1, $2, $3, $4, $5, $6, $7, $8) RETURNING "id"
2026-03-27 13:52:26.788 UTC [5626] ERROR:  duplicate key value violates unique constraint "index_project_versions_on_project_id_and_commit_sha"
2026-03-27 13:52:26.788 UTC [5626] DETAIL:  Key (project_id, commit_sha)=(3466, aaaaaaaaaaaaaaaaaaaaaaaaaaaaaaaaaaaaaaaa) already exists.
2026-03-27 13:52:26.788 UTC [5626] STATEMENT:  INSERT INTO "project_versions" ("branch", "commit_sha", "committed_at", "created_at", "metadata", "parent_sha", "project_id", "updated_at") VALUES ($1, $2, $3, $4, $5, $6, $7, $8) RETURNING "id"
2026-03-27 13:52:26.790 UTC [5626] ERROR:  duplicate key value violates unique constraint "index_collector_runs_on_project_version_id_and_collector_type"
2026-03-27 13:52:26.790 UTC [5626] DETAIL:  Key (project_version_id, collector_type)=(202, test_collector) already exists.
2026-03-27 13:52:26.790 UTC [5626] STATEMENT:  INSERT INTO "collector_runs" ("artifacts_count", "collector_type", "completed_at", "created_at", "duration_ms", "error_message", "metadata", "project_version_id", "started_at", "status", "tool_version", "updated_at") VALUES ($1, $2, $3, $4, $5, $6, $7, $8, $9, $10, $11, $12) RETURNING "id"
2026-03-27 13:52:26.819 UTC [5626] ERROR:  duplicate key value violates unique constraint "index_project_versions_on_project_id_and_commit_sha"
2026-03-27 13:52:26.819 UTC [5626] DETAIL:  Key (project_id, commit_sha)=(3467, aaaaaaaaaaaaaaaaaaaaaaaaaaaaaaaaaaaaaaaa) already exists.
2026-03-27 13:52:26.819 UTC [5626] STATEMENT:  INSERT INTO "project_versions" ("branch", "commit_sha", "committed_at", "created_at", "metadata", "parent_sha", "project_id", "updated_at") VALUES ($1, $2, $3, $4, $5, $6, $7, $8) RETURNING "id"
2026-03-27 13:52:26.821 UTC [5626] ERROR:  duplicate key value violates unique constraint "index_collector_runs_on_project_version_id_and_collector_type"
2026-03-27 13:52:26.821 UTC [5626] DETAIL:  Key (project_version_id, collector_type)=(204, test_collector) already exists.
2026-03-27 13:52:26.821 UTC [5626] STATEMENT:  INSERT INTO "collector_runs" ("artifacts_count", "collector_type", "completed_at", "created_at", "duration_ms", "error_message", "metadata", "project_version_id", "started_at", "status", "tool_version", "updated_at") VALUES ($1, $2, $3, $4, $5, $6, $7, $8, $9, $10, $11, $12) RETURNING "id"
2026-03-27 13:52:42.937 UTC [5626] ERROR:  duplicate key value violates unique constraint "index_collector_runs_on_project_version_id_and_collector_type"
2026-03-27 13:52:42.937 UTC [5626] DETAIL:  Key (project_version_id, collector_type)=(270, test_collector_83) already exists.
2026-03-27 13:52:42.937 UTC [5626] STATEMENT:  INSERT INTO "collector_runs" ("artifacts_count", "collector_type", "completed_at", "created_at", "duration_ms", "error_message", "metadata", "project_version_id", "started_at", "status", "tool_version", "updated_at") VALUES ($1, $2, $3, $4, $5, $6, $7, $8, $9, $10, $11, $12) RETURNING "id"
2026-03-27 13:52:45.377 UTC [5626] ERROR:  duplicate key value violates unique constraint "index_ab_tests_one_running_per_prompt"
2026-03-27 13:52:45.377 UTC [5626] DETAIL:  Key (prompt_id)=(323) already exists.
2026-03-27 13:52:45.377 UTC [5626] STATEMENT:  UPDATE "ab_tests" SET "started_at" = $1, "status" = $2, "updated_at" = $3 WHERE "ab_tests"."id" = $4
2026-03-27 13:53:15.934 UTC [9101] ERROR:  duplicate key value violates unique constraint "index_project_versions_on_project_id_and_commit_sha"
2026-03-27 13:53:15.934 UTC [9101] DETAIL:  Key (project_id, commit_sha)=(4549, b394ff936697919b1b07e895dab1b8cfe5d3a836) already exists.
2026-03-27 13:53:15.934 UTC [9101] STATEMENT:  INSERT INTO "project_versions" ("branch", "commit_sha", "committed_at", "created_at", "metadata", "parent_sha", "project_id", "updated_at") VALUES ($1, $2, $3, $4, $5, $6, $7, $8) RETURNING "id"
2026-03-27 13:53:16.151 UTC [9101] ERROR:  duplicate key value violates unique constraint "index_collector_runs_on_project_version_id_and_collector_type"
2026-03-27 13:53:16.151 UTC [9101] DETAIL:  Key (project_version_id, collector_type)=(306, test_collector_14) already exists.
2026-03-27 13:53:16.151 UTC [9101] STATEMENT:  INSERT INTO "collector_runs" ("artifacts_count", "collector_type", "completed_at", "created_at", "duration_ms", "error_message", "metadata", "project_version_id", "started_at", "status", "tool_version", "updated_at") VALUES ($1, $2, $3, $4, $5, $6, $7, $8, $9, $10, $11, $12) RETURNING "id"
2026-03-27 13:53:45.021 UTC [9101] ERROR:  duplicate key value violates unique constraint "index_ab_tests_one_running_per_prompt"
2026-03-27 13:53:45.021 UTC [9101] DETAIL:  Key (prompt_id)=(456) already exists.
2026-03-27 13:53:45.021 UTC [9101] STATEMENT:  UPDATE "ab_tests" SET "started_at" = $1, "status" = $2, "updated_at" = $3 WHERE "ab_tests"."id" = $4
2026-03-27 13:54:02.726 UTC [9101] ERROR:  duplicate key value violates unique constraint "idx_agent_runs_unique_active_issue"
2026-03-27 13:54:02.726 UTC [9101] DETAIL:  Key (project_id, issue_id)=(5838, 4702) already exists.
2026-03-27 13:54:02.726 UTC [9101] STATEMENT:  INSERT INTO "agent_runs" ("agent_type", "auth_provider", "auto_pick", "avg_cpu_percent", "avg_memory_bytes", "base_commit_sha", "branch_name", "completed_at", "container_id", "container_metrics_count", "cost_cents", "created_at", "created_issue_number", "created_issue_url", "custom_prompt", "duration_seconds", "error_message", "final_provider", "goal", "issue_id", "iterations", "peak_cpu_percent", "peak_memory_bytes", "project_id", "prompt_version_id", "provider_switches", "providers_attempted", "proxy_token", "pull_request_number", "pull_request_url", "rate_limited_until", "result_commit_sha", "review_posted_at", "review_url", "service_container_ids", "service_environment", "source_pull_request_number", "started_at", "status", "temporal_run_id", "temporal_workflow_id", "tokens_input", "tokens_output", "trigger_type", "updated_at", "worktree_path") VALUES ($1, $2, $3, $4, $5, $6, $7, $8, $9, $10, $11, $12, $13, $14, $15, $16, $17, $18, $19, $20, $21, $22, $23, $24, $25, $26, $27, $28, $29, $30, $31, $32, $33, $34, $35, $36, $37, $38, $39, $40, $41, $42, $43, $44, $45, $46) RETURNING "id"
2026-03-27 13:54:07.915 UTC [9101] ERROR:  duplicate key value violates unique constraint "idx_agent_runs_unique_active_issue"
2026-03-27 13:54:07.915 UTC [9101] DETAIL:  Key (project_id, issue_id)=(5927, 4786) already exists.
2026-03-27 13:54:07.915 UTC [9101] STATEMENT:  INSERT INTO "agent_runs" ("agent_type", "auth_provider", "auto_pick", "avg_cpu_percent", "avg_memory_bytes", "base_commit_sha", "branch_name", "completed_at", "container_id", "container_metrics_count", "cost_cents", "created_at", "created_issue_number", "created_issue_url", "custom_prompt", "duration_seconds", "error_message", "final_provider", "goal", "issue_id", "iterations", "peak_cpu_percent", "peak_memory_bytes", "project_id", "prompt_version_id", "provider_switches", "providers_attempted", "proxy_token", "pull_request_number", "pull_request_url", "rate_limited_until", "result_commit_sha", "review_posted_at", "review_url", "service_container_ids", "service_environment", "source_pull_request_number", "started_at", "status", "temporal_run_id", "temporal_workflow_id", "tokens_input", "tokens_output", "trigger_type", "updated_at", "worktree_path") VALUES ($1, $2, $3, $4, $5, $6, $7, $8, $9, $10, $11, $12, $13, $14, $15, $16, $17, $18, $19, $20, $21, $22, $23, $24, $25, $26, $27, $28, $29, $30, $31, $32, $33, $34, $35, $36, $37, $38, $39, $40, $41, $42, $43, $44, $45, $46) RETURNING "id"
2026-03-27 13:54:29.906 UTC [1991] LOG:  checkpoint starting: time
2026-03-27 13:54:35.232 UTC [9101] ERROR:  duplicate key value violates unique constraint "index_project_versions_on_project_id_and_commit_sha"
2026-03-27 13:54:35.232 UTC [9101] DETAIL:  Key (project_id, commit_sha)=(6444, aaaaaaaaaaaaaaaaaaaaaaaaaaaaaaaaaaaaaaaa) already exists.
2026-03-27 13:54:35.232 UTC [9101] STATEMENT:  INSERT INTO "project_versions" ("branch", "commit_sha", "committed_at", "created_at", "metadata", "parent_sha", "project_id", "updated_at") VALUES ($1, $2, $3, $4, $5, $6, $7, $8) RETURNING "id"
2026-03-27 13:54:35.233 UTC [9101] ERROR:  duplicate key value violates unique constraint "index_collector_runs_on_project_version_id_and_collector_type"
2026-03-27 13:54:35.233 UTC [9101] DETAIL:  Key (project_version_id, collector_type)=(426, test_collector) already exists.
2026-03-27 13:54:35.233 UTC [9101] STATEMENT:  INSERT INTO "collector_runs" ("artifacts_count", "collector_type", "completed_at", "created_at", "duration_ms", "error_message", "metadata", "project_version_id", "started_at", "status", "tool_version", "updated_at") VALUES ($1, $2, $3, $4, $5, $6, $7, $8, $9, $10, $11, $12) RETURNING "id"
2026-03-27 13:54:35.266 UTC [9101] ERROR:  duplicate key value violates unique constraint "index_project_versions_on_project_id_and_commit_sha"
2026-03-27 13:54:35.266 UTC [9101] DETAIL:  Key (project_id, commit_sha)=(6445, aaaaaaaaaaaaaaaaaaaaaaaaaaaaaaaaaaaaaaaa) already exists.
2026-03-27 13:54:35.266 UTC [9101] STATEMENT:  INSERT INTO "project_versions" ("branch", "commit_sha", "committed_at", "created_at", "metadata", "parent_sha", "project_id", "updated_at") VALUES ($1, $2, $3, $4, $5, $6, $7, $8) RETURNING "id"
2026-03-27 13:54:35.268 UTC [9101] ERROR:  duplicate key value violates unique constraint "index_collector_runs_on_project_version_id_and_collector_type"
2026-03-27 13:54:35.268 UTC [9101] DETAIL:  Key (project_version_id, collector_type)=(428, test_collector) already exists.
2026-03-27 13:54:35.268 UTC [9101] STATEMENT:  INSERT INTO "collector_runs" ("artifacts_count", "collector_type", "completed_at", "created_at", "duration_ms", "error_message", "metadata", "project_version_id", "started_at", "status", "tool_version", "updated_at") VALUES ($1, $2, $3, $4, $5, $6, $7, $8, $9, $10, $11, $12) RETURNING "id"
2026-03-27 13:55:08.136 UTC [12655] ERROR:  duplicate key value violates unique constraint "index_project_versions_on_project_id_and_commit_sha"
2026-03-27 13:55:08.136 UTC [12655] DETAIL:  Key (project_id, commit_sha)=(6636, b8e6b0e8e13b370f19c601d0bd13cc92ea92183e) already exists.
2026-03-27 13:55:08.136 UTC [12655] STATEMENT:  INSERT INTO "project_versions" ("branch", "commit_sha", "committed_at", "created_at", "metadata", "parent_sha", "project_id", "updated_at") VALUES ($1, $2, $3, $4, $5, $6, $7, $8) RETURNING "id"
2026-03-27 13:55:41.019 UTC [12655] ERROR:  duplicate key value violates unique constraint "idx_agent_runs_unique_active_issue"
2026-03-27 13:55:41.019 UTC [12655] DETAIL:  Key (project_id, issue_id)=(7479, 6269) already exists.
2026-03-27 13:55:41.019 UTC [12655] STATEMENT:  INSERT INTO "agent_runs" ("agent_type", "auth_provider", "auto_pick", "avg_cpu_percent", "avg_memory_bytes", "base_commit_sha", "branch_name", "completed_at", "container_id", "container_metrics_count", "cost_cents", "created_at", "created_issue_number", "created_issue_url", "custom_prompt", "duration_seconds", "error_message", "final_provider", "goal", "issue_id", "iterations", "peak_cpu_percent", "peak_memory_bytes", "project_id", "prompt_version_id", "provider_switches", "providers_attempted", "proxy_token", "pull_request_number", "pull_request_url", "rate_limited_until", "result_commit_sha", "review_posted_at", "review_url", "service_container_ids", "service_environment", "source_pull_request_number", "started_at", "status", "temporal_run_id", "temporal_workflow_id", "tokens_input", "tokens_output", "trigger_type", "updated_at", "worktree_path") VALUES ($1, $2, $3, $4, $5, $6, $7, $8, $9, $10, $11, $12, $13, $14, $15, $16, $17, $18, $19, $20, $21, $22, $23, $24, $25, $26, $27, $28, $29, $30, $31, $32, $33, $34, $35, $36, $37, $38, $39, $40, $41, $42, $43, $44, $45, $46) RETURNING "id"
2026-03-27 13:55:42.120 UTC [12655] ERROR:  duplicate key value violates unique constraint "idx_agent_runs_unique_active_issue"
2026-03-27 13:55:42.120 UTC [12655] DETAIL:  Key (project_id, issue_id)=(7500, 6292) already exists.
2026-03-27 13:55:42.120 UTC [12655] STATEMENT:  INSERT INTO "agent_runs" ("agent_type", "auth_provider", "auto_pick", "avg_cpu_percent", "avg_memory_bytes", "base_commit_sha", "branch_name", "completed_at", "container_id", "container_metrics_count", "cost_cents", "created_at", "created_issue_number", "created_issue_url", "custom_prompt", "duration_seconds", "error_message", "final_provider", "goal", "issue_id", "iterations", "peak_cpu_percent", "peak_memory_bytes", "project_id", "prompt_version_id", "provider_switches", "providers_attempted", "proxy_token", "pull_request_number", "pull_request_url", "rate_limited_until", "result_commit_sha", "review_posted_at", "review_url", "service_container_ids", "service_environment", "source_pull_request_number", "started_at", "status", "temporal_run_id", "temporal_workflow_id", "tokens_input", "tokens_output", "trigger_type", "updated_at", "worktree_path") VALUES ($1, $2, $3, $4, $5, $6, $7, $8, $9, $10, $11, $12, $13, $14, $15, $16, $17, $18, $19, $20, $21, $22, $23, $24, $25, $26, $27, $28, $29, $30, $31, $32, $33, $34, $35, $36, $37, $38, $39, $40, $41, $42, $43, $44, $45, $46) RETURNING "id"
2026-03-27 13:55:46.041 UTC [12655] ERROR:  duplicate key value violates unique constraint "index_project_versions_on_project_id_and_commit_sha"
2026-03-27 13:55:46.041 UTC [12655] DETAIL:  Key (project_id, commit_sha)=(7595, aaaaaaaaaaaaaaaaaaaaaaaaaaaaaaaaaaaaaaaa) already exists.
2026-03-27 13:55:46.041 UTC [12655] STATEMENT:  INSERT INTO "project_versions" ("branch", "commit_sha", "committed_at", "created_at", "metadata", "parent_sha", "project_id", "updated_at") VALUES ($1, $2, $3, $4, $5, $6, $7, $8) RETURNING "id"
2026-03-27 13:55:46.043 UTC [12655] ERROR:  duplicate key value violates unique constraint "index_collector_runs_on_project_version_id_and_collector_type"
2026-03-27 13:55:46.043 UTC [12655] DETAIL:  Key (project_version_id, collector_type)=(502, test_collector) already exists.
2026-03-27 13:55:46.043 UTC [12655] STATEMENT:  INSERT INTO "collector_runs" ("artifacts_count", "collector_type", "completed_at", "created_at", "duration_ms", "error_message", "metadata", "project_version_id", "started_at", "status", "tool_version", "updated_at") VALUES ($1, $2, $3, $4, $5, $6, $7, $8, $9, $10, $11, $12) RETURNING "id"
2026-03-27 13:55:46.078 UTC [12655] ERROR:  duplicate key value violates unique constraint "index_project_versions_on_project_id_and_commit_sha"
2026-03-27 13:55:46.078 UTC [12655] DETAIL:  Key (project_id, commit_sha)=(7596, aaaaaaaaaaaaaaaaaaaaaaaaaaaaaaaaaaaaaaaa) already exists.
2026-03-27 13:55:46.078 UTC [12655] STATEMENT:  INSERT INTO "project_versions" ("branch", "commit_sha", "committed_at", "created_at", "metadata", "parent_sha", "project_id", "updated_at") VALUES ($1, $2, $3, $4, $5, $6, $7, $8) RETURNING "id"
2026-03-27 13:55:46.080 UTC [12655] ERROR:  duplicate key value violates unique constraint "index_collector_runs_on_project_version_id_and_collector_type"
2026-03-27 13:55:46.080 UTC [12655] DETAIL:  Key (project_version_id, collector_type)=(504, test_collector) already exists.
2026-03-27 13:55:46.080 UTC [12655] STATEMENT:  INSERT INTO "collector_runs" ("artifacts_count", "collector_type", "completed_at", "created_at", "duration_ms", "error_message", "metadata", "project_version_id", "started_at", "status", "tool_version", "updated_at") VALUES ($1, $2, $3, $4, $5, $6, $7, $8, $9, $10, $11, $12) RETURNING "id"
2026-03-27 13:56:28.749 UTC [12655] ERROR:  duplicate key value violates unique constraint "index_collector_runs_on_project_version_id_and_collector_type"
2026-03-27 13:56:28.749 UTC [12655] DETAIL:  Key (project_version_id, collector_type)=(563, test_collector_63) already exists.
2026-03-27 13:56:28.749 UTC [12655] STATEMENT:  INSERT INTO "collector_runs" ("artifacts_count", "collector_type", "completed_at", "created_at", "duration_ms", "error_message", "metadata", "project_version_id", "started_at", "status", "tool_version", "updated_at") VALUES ($1, $2, $3, $4, $5, $6, $7, $8, $9, $10, $11, $12) RETURNING "id"
2026-03-27 13:56:34.880 UTC [12655] ERROR:  duplicate key value violates unique constraint "index_ab_tests_one_running_per_prompt"
2026-03-27 13:56:34.880 UTC [12655] DETAIL:  Key (prompt_id)=(752) already exists.
2026-03-27 13:56:34.880 UTC [12655] STATEMENT:  UPDATE "ab_tests" SET "started_at" = $1, "status" = $2, "updated_at" = $3 WHERE "ab_tests"."id" = $4
