Running bin/lint --staged...
== Style: RuboCop ==
Inspecting 2 files
..

2 files inspected, no offenses detected
== JavaScript: ESLint ==
  No JavaScript files to lint.
== Markdown: markdownlint ==
  No Markdown files to lint.
== Shell: ShellCheck ==
  No shell files to lint.
== ERB: Herb ==
  No ERB files to lint.
All lint checks passed.
Running bundle exec rspec...
/workspace/spec/models/pre_commit_requirement_spec.rb:324: warning: assigned but unused variable - account_req
Run options: exclude {chat_e2e: true, provider_smoke: true, runner_smoke: true}

Randomized with seed 3180
...........................................................................................................................................................................................................................................................................................................................................................................................................................................................................................................................................................................................................................................................................................................................................................................................................................................................................................................................................................................................................................................................................................................................................................................................................................................................................................................................................................................................................................................................................................................................................................................................................................................................................................................................................................................................................................................................................................................................................................................................................................................................................................................................................................................................................................................................................................................................................................................................................................................................................................................................................................................................................................................................................................................................................................................................................................................................................................................................................................................................................................................................................................................................................................................................................................................................................................................................................................................................................................................................................................................................................................................................................................................................................................................................................................................................................................................................................................................................................................................................................................................................................................................................................................................................................................................................................................................................................................................................................................................................................................................................................................................................................................................................................................................................................................................................................................................................................................................................................................................................................................................................................................................................................................................................................................................................................................................................................................................................................................................................................................................................................................................................................................................FFFFF.......FFFFFF.....FFF..FFF......FFFFF...FFFFFFFFFFFFFFFFFFFF............FFFFFF...FFF...........F..F...............F.........................................................................................................................................Detected 1 UI-facing file change(s):
  frontend/app.js

Captured 0 screenshot(s) in /workspace/.tmp-build/d20260621-10855-o0eso9/
.Detected 1 UI-facing file change(s):
  app/views/projects/index.html.erb

Captured 0 screenshot(s) in /workspace/.tmp-build/d20260621-10855-y0pznz/
..Detected 1 UI-facing file change(s):
  app/views/projects/index.html.erb

Captured 0 screenshot(s) in /workspace/.tmp-build/d20260621-10855-sozxlj/
.Detected 1 UI-facing file change(s):
  frontend/app.js

Captured 0 screenshot(s) in /workspace/.tmp-build/d20260621-10855-f7sl5i/
.Detected 1 UI-facing file change(s):
  frontend/app.js

Captured 0 screenshot(s) in /workspace/.tmp-build/d20260621-10855-mhfc1a/
.Updated screenshot comment with capture failure for PR #42.
..................................................................................................................................................................................................................................................................................................................................................................................................................................................................................................................................................................................................................................................................................................................................................................................................................................................................................................................................................................................................................................................................................................................................................................................................................................................................................................................................................................**............................................................................................................................................................................................................................................................................................................................................................................................................................................................................................................................................................................................................................................................................................................Initialized empty Git repository in /workspace/.tmp-build/screenshots-remote20260621-10855-90nba1/
...............................................................................................................................................................................................................................................................................................................................................................................................................................................................................................................................................................................................................................................................................................................................................................................................................................................