This file contains any messages produced by compilers while
running configure, to aid debugging if configure makes a mistake.

It was created by PostgreSQL configure 16.4, which was
generated by GNU Autoconf 2.69.  Invocation command line was

  $ /tmp/postgresql-16.4/configure --prefix=/.pg-install --without-readline --without-zlib

## --------- ##
## Platform. ##
## --------- ##

hostname = 991fc1a3e856
uname -m = aarch64
uname -r = 6.17.8-orbstack-00308-g8f9c941121b1
uname -s = Linux
uname -v = #1 SMP PREEMPT Thu Nov 20 09:34:02 UTC 2025

/usr/bin/uname -p = aarch64
/bin/uname -X     = unknown

/bin/arch              = aarch64
/usr/bin/arch -k       = unknown
/usr/convex/getsysinfo = unknown
/usr/bin/hostinfo      = unknown
/bin/machine           = unknown
/usr/bin/oslevel       = unknown
/bin/universe          = unknown

PATH: /usr/local/sbin
PATH: /usr/local/bin
PATH: /usr/sbin
PATH: /usr/bin
PATH: /sbin
PATH: /bin


## ----------- ##
## Core tests. ##
## ----------- ##

configure:2885: checking build system type
configure:2899: result: aarch64-unknown-linux-gnu
configure:2919: checking host system type
configure:2932: result: aarch64-unknown-linux-gnu
configure:2954: checking which template to use
configure:3021: result: linux
configure:3149: checking whether NLS is wanted
configure:3181: result: no
configure:3189: checking for default port number
configure:3214: result: 5432
configure:3691: checking for block size
configure:3725: result: 8kB
configure:3792: checking for segment size
configure:3799: result: 1GB
configure:3816: checking for WAL block size
configure:3851: result: 8kB
configure:3948: checking for gcc
configure:3964: found /usr/bin/gcc
configure:3975: result: gcc
configure:4006: checking for C compiler version
configure:4015: gcc --version >&5
gcc (Ubuntu 13.3.0-6ubuntu2~24.04.1) 13.3.0
Copyright (C) 2023 Free Software Foundation, Inc.
This is free software; see the source for copying conditions.  There is NO
warranty; not even for MERCHANTABILITY or FITNESS FOR A PARTICULAR PURPOSE.

configure:4026: $? = 0
configure:4015: gcc -v >&5
Using built-in specs.
COLLECT_GCC=gcc
COLLECT_LTO_WRAPPER=/usr/libexec/gcc/aarch64-linux-gnu/13/lto-wrapper
OFFLOAD_TARGET_NAMES=nvptx-none
OFFLOAD_TARGET_DEFAULT=1
Target: aarch64-linux-gnu
Configured with: ../src/configure -v --with-pkgversion='Ubuntu 13.3.0-6ubuntu2~24.04.1' --with-bugurl=file:///usr/share/doc/gcc-13/README.Bugs --enable-languages=c,ada,c++,go,d,fortran,objc,obj-c++,m2 --prefix=/usr --with-gcc-major-version-only --program-suffix=-13 --program-prefix=aarch64-linux-gnu- --enable-shared --enable-linker-build-id --libexecdir=/usr/libexec --without-included-gettext --enable-threads=posix --libdir=/usr/lib --enable-nls --enable-bootstrap --enable-clocale=gnu --enable-libstdcxx-debug --enable-libstdcxx-time=yes --with-default-libstdcxx-abi=new --enable-libstdcxx-backtrace --enable-gnu-unique-object --disable-libquadmath --disable-libquadmath-support --enable-plugin --enable-default-pie --with-system-zlib --enable-libphobos-checking=release --with-target-system-zlib=auto --enable-objc-gc=auto --enable-multiarch --enable-fix-cortex-a53-843419 --disable-werror --enable-offload-targets=nvptx-none=/build/gcc-13-f9pAEi/gcc-13-13.3.0/debian/tmp-nvptx/usr --enable-offload-defaulted --without-cuda-driver --enable-checking=release --build=aarch64-linux-gnu --host=aarch64-linux-gnu --target=aarch64-linux-gnu --with-build-config=bootstrap-lto-lean --enable-link-serialization=4
Thread model: posix
Supported LTO compression algorithms: zlib zstd
gcc version 13.3.0 (Ubuntu 13.3.0-6ubuntu2~24.04.1) 
... rest of stderr output deleted ...
configure:4026: $? = 0
configure:4015: gcc -V >&5
gcc: error: unrecognized command-line option '-V'
gcc: fatal error: no input files
compilation terminated.
configure:4026: $? = 1
configure:4015: gcc -qversion >&5
gcc: error: unrecognized command-line option '-qversion'; did you mean '--version'?
gcc: fatal error: no input files
compilation terminated.
configure:4026: $? = 1
configure:4046: checking whether the C compiler works
configure:4068: gcc    conftest.c  >&5
configure:4072: $? = 0
configure:4120: result: yes
configure:4123: checking for C compiler default output file name
configure:4125: result: a.out
configure:4131: checking for suffix of executables
configure:4138: gcc -o conftest    conftest.c  >&5
configure:4142: $? = 0
configure:4164: result: 
configure:4186: checking whether we are cross compiling
configure:4194: gcc -o conftest    conftest.c  >&5
configure:4198: $? = 0
configure:4205: ./conftest
configure:4209: $? = 0
configure:4224: result: no
configure:4229: checking for suffix of object files
configure:4251: gcc -c   conftest.c >&5
configure:4255: $? = 0
configure:4276: result: o
configure:4280: checking whether we are using the GNU C compiler
configure:4299: gcc -c   conftest.c >&5
configure:4299: $? = 0
configure:4308: result: yes
configure:4317: checking whether gcc accepts -g
configure:4337: gcc -c -g  conftest.c >&5
configure:4337: $? = 0
configure:4378: result: yes
configure:4395: checking for gcc option to accept ISO C89
configure:4458: gcc  -c -g -O2  conftest.c >&5
configure:4458: $? = 0
configure:4471: result: none needed
configure:4491: checking for gcc option to accept ISO C99
configure:4640: gcc  -c -g -O2  conftest.c >&5
configure:4640: $? = 0
configure:4653: result: none needed
configure:4733: checking for g++
configure:4749: found /usr/bin/g++
configure:4760: result: g++
configure:4787: checking for C++ compiler version
configure:4796: g++ --version >&5
g++ (Ubuntu 13.3.0-6ubuntu2~24.04.1) 13.3.0
Copyright (C) 2023 Free Software Foundation, Inc.
This is free software; see the source for copying conditions.  There is NO
warranty; not even for MERCHANTABILITY or FITNESS FOR A PARTICULAR PURPOSE.

configure:4807: $? = 0
configure:4796: g++ -v >&5
Using built-in specs.
COLLECT_GCC=g++
COLLECT_LTO_WRAPPER=/usr/libexec/gcc/aarch64-linux-gnu/13/lto-wrapper
OFFLOAD_TARGET_NAMES=nvptx-none
OFFLOAD_TARGET_DEFAULT=1
Target: aarch64-linux-gnu
Configured with: ../src/configure -v --with-pkgversion='Ubuntu 13.3.0-6ubuntu2~24.04.1' --with-bugurl=file:///usr/share/doc/gcc-13/README.Bugs --enable-languages=c,ada,c++,go,d,fortran,objc,obj-c++,m2 --prefix=/usr --with-gcc-major-version-only --program-suffix=-13 --program-prefix=aarch64-linux-gnu- --enable-shared --enable-linker-build-id --libexecdir=/usr/libexec --without-included-gettext --enable-threads=posix --libdir=/usr/lib --enable-nls --enable-bootstrap --enable-clocale=gnu --enable-libstdcxx-debug --enable-libstdcxx-time=yes --with-default-libstdcxx-abi=new --enable-libstdcxx-backtrace --enable-gnu-unique-object --disable-libquadmath --disable-libquadmath-support --enable-plugin --enable-default-pie --with-system-zlib --enable-libphobos-checking=release --with-target-system-zlib=auto --enable-objc-gc=auto --enable-multiarch --enable-fix-cortex-a53-843419 --disable-werror --enable-offload-targets=nvptx-none=/build/gcc-13-f9pAEi/gcc-13-13.3.0/debian/tmp-nvptx/usr --enable-offload-defaulted --without-cuda-driver --enable-checking=release --build=aarch64-linux-gnu --host=aarch64-linux-gnu --target=aarch64-linux-gnu --with-build-config=bootstrap-lto-lean --enable-link-serialization=4
Thread model: posix
Supported LTO compression algorithms: zlib zstd
gcc version 13.3.0 (Ubuntu 13.3.0-6ubuntu2~24.04.1) 
... rest of stderr output deleted ...
configure:4807: $? = 0
configure:4796: g++ -V >&5
g++: error: unrecognized command-line option '-V'
g++: fatal error: no input files
compilation terminated.
configure:4807: $? = 1
configure:4796: g++ -qversion >&5
g++: error: unrecognized command-line option '-qversion'; did you mean '--version'?
g++: fatal error: no input files
compilation terminated.
configure:4807: $? = 1
configure:4811: checking whether we are using the GNU C++ compiler
configure:4830: g++ -c   conftest.cpp >&5
configure:4830: $? = 0
configure:4839: result: yes
configure:4848: checking whether g++ accepts -g
configure:4868: g++ -c -g  conftest.cpp >&5
configure:4868: $? = 0
configure:4909: result: yes
configure:4950: gcc -c -g -O2  conftest.c >&5
conftest.c: In function 'main':
conftest.c:24:1: error: unknown type name 'choke'
   24 | choke me
      | ^~~~~
configure:4950: $? = 1
configure: failed program was:
| /* confdefs.h */
| #define PACKAGE_NAME "PostgreSQL"
| #define PACKAGE_TARNAME "postgresql"
| #define PACKAGE_VERSION "16.4"
| #define PACKAGE_STRING "PostgreSQL 16.4"
| #define PACKAGE_BUGREPORT "pgsql-bugs@lists.postgresql.org"
| #define PACKAGE_URL "https://www.postgresql.org/"
| #define CONFIGURE_ARGS " '--prefix=/.pg-install' '--without-readline' '--without-zlib'"
| #define PG_MAJORVERSION "16"
| #define PG_MAJORVERSION_NUM 16
| #define PG_MINORVERSION_NUM 4
| #define PG_VERSION "16.4"
| #define DEF_PGPORT 5432
| #define DEF_PGPORT_STR "5432"
| #define BLCKSZ 8192
| #define RELSEG_SIZE 131072
| #define XLOG_BLCKSZ 8192
| /* end confdefs.h.  */
| 
| int
| main ()
| {
| #ifndef __INTEL_COMPILER
| choke me
| #endif
|   ;
|   return 0;
| }
configure:4972: gcc -c -g -O2  conftest.c >&5
conftest.c: In function 'main':
conftest.c:24:1: error: unknown type name 'choke'
   24 | choke me
      | ^~~~~
configure:4972: $? = 1
configure: failed program was:
| /* confdefs.h */
| #define PACKAGE_NAME "PostgreSQL"
| #define PACKAGE_TARNAME "postgresql"
| #define PACKAGE_VERSION "16.4"
| #define PACKAGE_STRING "PostgreSQL 16.4"
| #define PACKAGE_BUGREPORT "pgsql-bugs@lists.postgresql.org"
| #define PACKAGE_URL "https://www.postgresql.org/"
| #define CONFIGURE_ARGS " '--prefix=/.pg-install' '--without-readline' '--without-zlib'"
| #define PG_MAJORVERSION "16"
| #define PG_MAJORVERSION_NUM 16
| #define PG_MINORVERSION_NUM 4
| #define PG_VERSION "16.4"
| #define DEF_PGPORT 5432
| #define DEF_PGPORT_STR "5432"
| #define BLCKSZ 8192
| #define RELSEG_SIZE 131072
| #define XLOG_BLCKSZ 8192
| /* end confdefs.h.  */
| 
| int
| main ()
| {
| #ifndef __SUNPRO_C
| choke me
| #endif
|   ;
|   return 0;
| }
configure:5017: checking for gawk
configure:5047: result: no
configure:5017: checking for mawk
configure:5033: found /usr/bin/mawk
configure:5044: result: mawk
configure:5350: checking whether gcc supports -Wdeclaration-after-statement, for CFLAGS
configure:5372: gcc -c -Wall -Wmissing-prototypes -Wpointer-arith -Wdeclaration-after-statement  -D_GNU_SOURCE conftest.c >&5
configure:5372: $? = 0
configure:5382: result: yes
configure:5398: checking whether gcc supports -Werror=vla, for CFLAGS
configure:5420: gcc -c -Wall -Wmissing-prototypes -Wpointer-arith -Wdeclaration-after-statement -Werror=vla  -D_GNU_SOURCE conftest.c >&5
configure:5420: $? = 0
configure:5430: result: yes
configure:5439: checking whether gcc supports -Werror=unguarded-availability-new, for CFLAGS
configure:5461: gcc -c -Wall -Wmissing-prototypes -Wpointer-arith -Wdeclaration-after-statement -Werror=vla -Werror=unguarded-availability-new  -D_GNU_SOURCE conftest.c >&5
cc1: error: '-Werror=unguarded-availability-new': no option '-Wunguarded-availability-new'
configure:5461: $? = 1
configure: failed program was:
| /* confdefs.h */
| #define PACKAGE_NAME "PostgreSQL"
| #define PACKAGE_TARNAME "postgresql"
| #define PACKAGE_VERSION "16.4"
| #define PACKAGE_STRING "PostgreSQL 16.4"
| #define PACKAGE_BUGREPORT "pgsql-bugs@lists.postgresql.org"
| #define PACKAGE_URL "https://www.postgresql.org/"
| #define CONFIGURE_ARGS " '--prefix=/.pg-install' '--without-readline' '--without-zlib'"
| #define PG_MAJORVERSION "16"
| #define PG_MAJORVERSION_NUM 16
| #define PG_MINORVERSION_NUM 4
| #define PG_VERSION "16.4"
| #define DEF_PGPORT 5432
| #define DEF_PGPORT_STR "5432"
| #define BLCKSZ 8192
| #define RELSEG_SIZE 131072
| #define XLOG_BLCKSZ 8192
| /* end confdefs.h.  */
| 
| int
| main ()
| {
| 
|   ;
|   return 0;
| }
configure:5471: result: no
configure:5478: checking whether g++ supports -Werror=unguarded-availability-new, for CXXFLAGS
configure:5506: g++ -c -Wall -Wpointer-arith -Werror=unguarded-availability-new  -D_GNU_SOURCE conftest.cpp >&5
cc1plus: error: '-Werror=unguarded-availability-new': no option '-Wunguarded-availability-new'
configure:5506: $? = 1
configure: failed program was:
| /* confdefs.h */
| #define PACKAGE_NAME "PostgreSQL"
| #define PACKAGE_TARNAME "postgresql"
| #define PACKAGE_VERSION "16.4"
| #define PACKAGE_STRING "PostgreSQL 16.4"
| #define PACKAGE_BUGREPORT "pgsql-bugs@lists.postgresql.org"
| #define PACKAGE_URL "https://www.postgresql.org/"
| #define CONFIGURE_ARGS " '--prefix=/.pg-install' '--without-readline' '--without-zlib'"
| #define PG_MAJORVERSION "16"
| #define PG_MAJORVERSION_NUM 16
| #define PG_MINORVERSION_NUM 4
| #define PG_VERSION "16.4"
| #define DEF_PGPORT 5432
| #define DEF_PGPORT_STR "5432"
| #define BLCKSZ 8192
| #define RELSEG_SIZE 131072
| #define XLOG_BLCKSZ 8192
| /* end confdefs.h.  */
| 
| int
| main ()
| {
| 
|   ;
|   return 0;
| }
configure:5522: result: no
configure:5531: checking whether gcc supports -Wendif-labels, for CFLAGS
configure:5553: gcc -c -Wall -Wmissing-prototypes -Wpointer-arith -Wdeclaration-after-statement -Werror=vla -Wendif-labels  -D_GNU_SOURCE conftest.c >&5
configure:5553: $? = 0
configure:5563: result: yes
configure:5570: checking whether g++ supports -Wendif-labels, for CXXFLAGS
configure:5598: g++ -c -Wall -Wpointer-arith -Wendif-labels  -D_GNU_SOURCE conftest.cpp >&5
configure:5598: $? = 0
configure:5614: result: yes
configure:5622: checking whether gcc supports -Wmissing-format-attribute, for CFLAGS
configure:5644: gcc -c -Wall -Wmissing-prototypes -Wpointer-arith -Wdeclaration-after-statement -Werror=vla -Wendif-labels -Wmissing-format-attribute  -D_GNU_SOURCE conftest.c >&5
configure:5644: $? = 0
configure:5654: result: yes
configure:5661: checking whether g++ supports -Wmissing-format-attribute, for CXXFLAGS
configure:5689: g++ -c -Wall -Wpointer-arith -Wendif-labels -Wmissing-format-attribute  -D_GNU_SOURCE conftest.cpp >&5
configure:5689: $? = 0
configure:5705: result: yes
configure:5713: checking whether gcc supports -Wimplicit-fallthrough=3, for CFLAGS
configure:5735: gcc -c -Wall -Wmissing-prototypes -Wpointer-arith -Wdeclaration-after-statement -Werror=vla -Wendif-labels -Wmissing-format-attribute -Wimplicit-fallthrough=3  -D_GNU_SOURCE conftest.c >&5
configure:5735: $? = 0
configure:5745: result: yes
configure:5752: checking whether g++ supports -Wimplicit-fallthrough=3, for CXXFLAGS
configure:5780: g++ -c -Wall -Wpointer-arith -Wendif-labels -Wmissing-format-attribute -Wimplicit-fallthrough=3  -D_GNU_SOURCE conftest.cpp >&5
configure:5780: $? = 0
configure:5796: result: yes
configure:5804: checking whether gcc supports -Wcast-function-type, for CFLAGS
configure:5826: gcc -c -Wall -Wmissing-prototypes -Wpointer-arith -Wdeclaration-after-statement -Werror=vla -Wendif-labels -Wmissing-format-attribute -Wimplicit-fallthrough=3 -Wcast-function-type  -D_GNU_SOURCE conftest.c >&5
configure:5826: $? = 0
configure:5836: result: yes
configure:5843: checking whether g++ supports -Wcast-function-type, for CXXFLAGS
configure:5871: g++ -c -Wall -Wpointer-arith -Wendif-labels -Wmissing-format-attribute -Wimplicit-fallthrough=3 -Wcast-function-type  -D_GNU_SOURCE conftest.cpp >&5
configure:5871: $? = 0
configure:5887: result: yes
configure:5895: checking whether gcc supports -Wshadow=compatible-local, for CFLAGS
configure:5917: gcc -c -Wall -Wmissing-prototypes -Wpointer-arith -Wdeclaration-after-statement -Werror=vla -Wendif-labels -Wmissing-format-attribute -Wimplicit-fallthrough=3 -Wcast-function-type -Wshadow=compatible-local  -D_GNU_SOURCE conftest.c >&5
configure:5917: $? = 0
configure:5927: result: yes
configure:5934: checking whether g++ supports -Wshadow=compatible-local, for CXXFLAGS
configure:5962: g++ -c -Wall -Wpointer-arith -Wendif-labels -Wmissing-format-attribute -Wimplicit-fallthrough=3 -Wcast-function-type -Wshadow=compatible-local  -D_GNU_SOURCE conftest.cpp >&5
configure:5962: $? = 0
configure:5978: result: yes
configure:5987: checking whether gcc supports -Wformat-security, for CFLAGS
configure:6009: gcc -c -Wall -Wmissing-prototypes -Wpointer-arith -Wdeclaration-after-statement -Werror=vla -Wendif-labels -Wmissing-format-attribute -Wimplicit-fallthrough=3 -Wcast-function-type -Wshadow=compatible-local -Wformat-security  -D_GNU_SOURCE conftest.c >&5
configure:6009: $? = 0
configure:6019: result: yes
configure:6026: checking whether g++ supports -Wformat-security, for CXXFLAGS
configure:6054: g++ -c -Wall -Wpointer-arith -Wendif-labels -Wmissing-format-attribute -Wimplicit-fallthrough=3 -Wcast-function-type -Wshadow=compatible-local -Wformat-security  -D_GNU_SOURCE conftest.cpp >&5
configure:6054: $? = 0
configure:6070: result: yes
configure:6079: checking whether gcc supports -fno-strict-aliasing, for CFLAGS
configure:6101: gcc -c -Wall -Wmissing-prototypes -Wpointer-arith -Wdeclaration-after-statement -Werror=vla -Wendif-labels -Wmissing-format-attribute -Wimplicit-fallthrough=3 -Wcast-function-type -Wshadow=compatible-local -Wformat-security -fno-strict-aliasing  -D_GNU_SOURCE conftest.c >&5
configure:6101: $? = 0
configure:6111: result: yes
configure:6118: checking whether g++ supports -fno-strict-aliasing, for CXXFLAGS
configure:6146: g++ -c -Wall -Wpointer-arith -Wendif-labels -Wmissing-format-attribute -Wimplicit-fallthrough=3 -Wcast-function-type -Wshadow=compatible-local -Wformat-security -fno-strict-aliasing  -D_GNU_SOURCE conftest.cpp >&5
configure:6146: $? = 0
configure:6162: result: yes
configure:6171: checking whether gcc supports -fwrapv, for CFLAGS
configure:6193: gcc -c -Wall -Wmissing-prototypes -Wpointer-arith -Wdeclaration-after-statement -Werror=vla -Wendif-labels -Wmissing-format-attribute -Wimplicit-fallthrough=3 -Wcast-function-type -Wshadow=compatible-local -Wformat-security -fno-strict-aliasing -fwrapv  -D_GNU_SOURCE conftest.c >&5
configure:6193: $? = 0
configure:6203: result: yes
configure:6210: checking whether g++ supports -fwrapv, for CXXFLAGS
configure:6238: g++ -c -Wall -Wpointer-arith -Wendif-labels -Wmissing-format-attribute -Wimplicit-fallthrough=3 -Wcast-function-type -Wshadow=compatible-local -Wformat-security -fno-strict-aliasing -fwrapv  -D_GNU_SOURCE conftest.cpp >&5
configure:6238: $? = 0
configure:6254: result: yes
configure:6263: checking whether gcc supports -fexcess-precision=standard, for CFLAGS
configure:6285: gcc -c -Wall -Wmissing-prototypes -Wpointer-arith -Wdeclaration-after-statement -Werror=vla -Wendif-labels -Wmissing-format-attribute -Wimplicit-fallthrough=3 -Wcast-function-type -Wshadow=compatible-local -Wformat-security -fno-strict-aliasing -fwrapv -fexcess-precision=standard  -D_GNU_SOURCE conftest.c >&5
configure:6285: $? = 0
configure:6295: result: yes
configure:6302: checking whether g++ supports -fexcess-precision=standard, for CXXFLAGS
configure:6330: g++ -c -Wall -Wpointer-arith -Wendif-labels -Wmissing-format-attribute -Wimplicit-fallthrough=3 -Wcast-function-type -Wshadow=compatible-local -Wformat-security -fno-strict-aliasing -fwrapv -fexcess-precision=standard  -D_GNU_SOURCE conftest.cpp >&5
configure:6330: $? = 0
configure:6346: result: yes
configure:6354: checking whether gcc supports -funroll-loops, for CFLAGS_UNROLL_LOOPS
configure:6376: gcc -c  -funroll-loops  -D_GNU_SOURCE conftest.c >&5
configure:6376: $? = 0
configure:6386: result: yes
configure:6394: checking whether gcc supports -ftree-vectorize, for CFLAGS_VECTORIZE
configure:6416: gcc -c  -ftree-vectorize  -D_GNU_SOURCE conftest.c >&5
configure:6416: $? = 0
configure:6426: result: yes
configure:6442: checking whether gcc supports -Wunused-command-line-argument, for NOT_THE_CFLAGS
configure:6464: gcc -c  -Wunused-command-line-argument  -D_GNU_SOURCE conftest.c >&5
gcc: error: unrecognized command-line option '-Wunused-command-line-argument'; did you mean '-Wunused-dummy-argument'?
configure:6464: $? = 1
configure: failed program was:
| /* confdefs.h */
| #define PACKAGE_NAME "PostgreSQL"
| #define PACKAGE_TARNAME "postgresql"
| #define PACKAGE_VERSION "16.4"
| #define PACKAGE_STRING "PostgreSQL 16.4"
| #define PACKAGE_BUGREPORT "pgsql-bugs@lists.postgresql.org"
| #define PACKAGE_URL "https://www.postgresql.org/"
| #define CONFIGURE_ARGS " '--prefix=/.pg-install' '--without-readline' '--without-zlib'"
| #define PG_MAJORVERSION "16"
| #define PG_MAJORVERSION_NUM 16
| #define PG_MINORVERSION_NUM 4
| #define PG_VERSION "16.4"
| #define DEF_PGPORT 5432
| #define DEF_PGPORT_STR "5432"
| #define BLCKSZ 8192
| #define RELSEG_SIZE 131072
| #define XLOG_BLCKSZ 8192
| /* end confdefs.h.  */
| 
| int
| main ()
| {
| 
|   ;
|   return 0;
| }
configure:6474: result: no
configure:6487: checking whether gcc supports -Wcompound-token-split-by-macro, for NOT_THE_CFLAGS
configure:6509: gcc -c  -Wcompound-token-split-by-macro  -D_GNU_SOURCE conftest.c >&5
gcc: error: unrecognized command-line option '-Wcompound-token-split-by-macro'
configure:6509: $? = 1
configure: failed program was:
| /* confdefs.h */
| #define PACKAGE_NAME "PostgreSQL"
| #define PACKAGE_TARNAME "postgresql"
| #define PACKAGE_VERSION "16.4"
| #define PACKAGE_STRING "PostgreSQL 16.4"
| #define PACKAGE_BUGREPORT "pgsql-bugs@lists.postgresql.org"
| #define PACKAGE_URL "https://www.postgresql.org/"
| #define CONFIGURE_ARGS " '--prefix=/.pg-install' '--without-readline' '--without-zlib'"
| #define PG_MAJORVERSION "16"
| #define PG_MAJORVERSION_NUM 16
| #define PG_MINORVERSION_NUM 4
| #define PG_VERSION "16.4"
| #define DEF_PGPORT 5432
| #define DEF_PGPORT_STR "5432"
| #define BLCKSZ 8192
| #define RELSEG_SIZE 131072
| #define XLOG_BLCKSZ 8192
| /* end confdefs.h.  */
| 
| int
| main ()
| {
| 
|   ;
|   return 0;
| }
configure:6519: result: no
configure:6531: checking whether gcc supports -Wformat-truncation, for NOT_THE_CFLAGS
configure:6553: gcc -c  -Wformat-truncation  -D_GNU_SOURCE conftest.c >&5
configure:6553: $? = 0
configure:6563: result: yes
configure:6574: checking whether gcc supports -Wstringop-truncation, for NOT_THE_CFLAGS
configure:6596: gcc -c  -Wstringop-truncation  -D_GNU_SOURCE conftest.c >&5
configure:6596: $? = 0
configure:6606: result: yes
configure:6618: checking whether gcc supports -Wcast-function-type-strict, for NOT_THE_CFLAGS
configure:6640: gcc -c  -Wcast-function-type-strict  -D_GNU_SOURCE conftest.c >&5
gcc: error: unrecognized command-line option '-Wcast-function-type-strict'; did you mean '-Wcast-function-type'?
configure:6640: $? = 1
configure: failed program was:
| /* confdefs.h */
| #define PACKAGE_NAME "PostgreSQL"
| #define PACKAGE_TARNAME "postgresql"
| #define PACKAGE_VERSION "16.4"
| #define PACKAGE_STRING "PostgreSQL 16.4"
| #define PACKAGE_BUGREPORT "pgsql-bugs@lists.postgresql.org"
| #define PACKAGE_URL "https://www.postgresql.org/"
| #define CONFIGURE_ARGS " '--prefix=/.pg-install' '--without-readline' '--without-zlib'"
| #define PG_MAJORVERSION "16"
| #define PG_MAJORVERSION_NUM 16
| #define PG_MINORVERSION_NUM 4
| #define PG_VERSION "16.4"
| #define DEF_PGPORT 5432
| #define DEF_PGPORT_STR "5432"
| #define BLCKSZ 8192
| #define RELSEG_SIZE 131072
| #define XLOG_BLCKSZ 8192
| /* end confdefs.h.  */
| 
| int
| main ()
| {
| 
|   ;
|   return 0;
| }
configure:6650: result: no
configure:7043: checking whether gcc supports -fvisibility=hidden, for CFLAGS_SL_MODULE
configure:7065: gcc -c  -fvisibility=hidden  -D_GNU_SOURCE conftest.c >&5
configure:7065: $? = 0
configure:7075: result: yes
configure:7083: checking whether g++ supports -fvisibility=hidden, for CXXFLAGS_SL_MODULE
configure:7111: g++ -c  -fvisibility=hidden  -D_GNU_SOURCE conftest.cpp >&5
configure:7111: $? = 0
configure:7127: result: yes
configure:7133: checking whether g++ supports -fvisibility-inlines-hidden, for CXXFLAGS_SL_MODULE
configure:7161: g++ -c  -fvisibility=hidden -fvisibility-inlines-hidden  -D_GNU_SOURCE conftest.cpp >&5
configure:7161: $? = 0
configure:7177: result: yes
configure:7886: checking whether the C compiler still works
configure:7899: gcc -o conftest -Wall -Wmissing-prototypes -Wpointer-arith -Wdeclaration-after-statement -Werror=vla -Wendif-labels -Wmissing-format-attribute -Wimplicit-fallthrough=3 -Wcast-function-type -Wshadow=compatible-local -Wformat-security -fno-strict-aliasing -fwrapv -fexcess-precision=standard -Wno-format-truncation -Wno-stringop-truncation -O2  -D_GNU_SOURCE  conftest.c  >&5
configure:7899: $? = 0
configure:7900: result: yes
configure:7925: gcc -c -Wall -Wmissing-prototypes -Wpointer-arith -Wdeclaration-after-statement -Werror=vla -Wendif-labels -Wmissing-format-attribute -Wimplicit-fallthrough=3 -Wcast-function-type -Wshadow=compatible-local -Wformat-security -fno-strict-aliasing -fwrapv -fexcess-precision=standard -Wno-format-truncation -Wno-stringop-truncation -O2  -D_GNU_SOURCE conftest.c >&5
configure:7925: $? = 0
configure:7971: checking how to run the C preprocessor
configure:8002: gcc -E  -D_GNU_SOURCE conftest.c
configure:8002: $? = 0
configure:8016: gcc -E  -D_GNU_SOURCE conftest.c
conftest.c:20:10: fatal error: ac_nonexistent.h: No such file or directory
   20 | #include <ac_nonexistent.h>
      |          ^~~~~~~~~~~~~~~~~~
compilation terminated.
configure:8016: $? = 1
configure: failed program was:
| /* confdefs.h */
| #define PACKAGE_NAME "PostgreSQL"
| #define PACKAGE_TARNAME "postgresql"
| #define PACKAGE_VERSION "16.4"
| #define PACKAGE_STRING "PostgreSQL 16.4"
| #define PACKAGE_BUGREPORT "pgsql-bugs@lists.postgresql.org"
| #define PACKAGE_URL "https://www.postgresql.org/"
| #define CONFIGURE_ARGS " '--prefix=/.pg-install' '--without-readline' '--without-zlib'"
| #define PG_MAJORVERSION "16"
| #define PG_MAJORVERSION_NUM 16
| #define PG_MINORVERSION_NUM 4
| #define PG_VERSION "16.4"
| #define DEF_PGPORT 5432
| #define DEF_PGPORT_STR "5432"
| #define BLCKSZ 8192
| #define RELSEG_SIZE 131072
| #define XLOG_BLCKSZ 8192
| #define HAVE_VISIBILITY_ATTRIBUTE 1
| /* end confdefs.h.  */
| #include <ac_nonexistent.h>
configure:8041: result: gcc -E
configure:8061: gcc -E  -D_GNU_SOURCE conftest.c
configure:8061: $? = 0
configure:8075: gcc -E  -D_GNU_SOURCE conftest.c
conftest.c:20:10: fatal error: ac_nonexistent.h: No such file or directory
   20 | #include <ac_nonexistent.h>
      |          ^~~~~~~~~~~~~~~~~~
compilation terminated.
configure:8075: $? = 1
configure: failed program was:
| /* confdefs.h */
| #define PACKAGE_NAME "PostgreSQL"
| #define PACKAGE_TARNAME "postgresql"
| #define PACKAGE_VERSION "16.4"
| #define PACKAGE_STRING "PostgreSQL 16.4"
| #define PACKAGE_BUGREPORT "pgsql-bugs@lists.postgresql.org"
| #define PACKAGE_URL "https://www.postgresql.org/"
| #define CONFIGURE_ARGS " '--prefix=/.pg-install' '--without-readline' '--without-zlib'"
| #define PG_MAJORVERSION "16"
| #define PG_MAJORVERSION_NUM 16
| #define PG_MINORVERSION_NUM 4
| #define PG_VERSION "16.4"
| #define DEF_PGPORT 5432
| #define DEF_PGPORT_STR "5432"
| #define BLCKSZ 8192
| #define RELSEG_SIZE 131072
| #define XLOG_BLCKSZ 8192
| #define HAVE_VISIBILITY_ATTRIBUTE 1
| /* end confdefs.h.  */
| #include <ac_nonexistent.h>
configure:8183: checking for pkg-config
configure:8216: result: no
configure:8346: checking allow thread-safe client libraries
configure:8376: result: yes
configure:8383: checking whether to build with ICU support
configure:8413: result: yes
configure:8420: checking for icu-uc icu-i18n
configure:8482: result: no
configure:8484: error: ICU library not found
If you have ICU already installed, see config.log for details on the
failure.  It is possible the compiler isn't looking in the proper directory.
Use --without-icu to disable ICU support.

## ---------------- ##
## Cache variables. ##
## ---------------- ##

ac_cv_build=aarch64-unknown-linux-gnu
ac_cv_c_compiler_gnu=yes
ac_cv_cxx_compiler_gnu=yes
ac_cv_env_CCC_set=
ac_cv_env_CCC_value=
ac_cv_env_CC_set=
ac_cv_env_CC_value=
ac_cv_env_CFLAGS_set=
ac_cv_env_CFLAGS_value=
ac_cv_env_CLANG_set=
ac_cv_env_CLANG_value=
ac_cv_env_CPPFLAGS_set=
ac_cv_env_CPPFLAGS_value=
ac_cv_env_CPP_set=
ac_cv_env_CPP_value=
ac_cv_env_CXXFLAGS_set=
ac_cv_env_CXXFLAGS_value=
ac_cv_env_CXX_set=
ac_cv_env_CXX_value=
ac_cv_env_ICU_CFLAGS_set=
ac_cv_env_ICU_CFLAGS_value=
ac_cv_env_ICU_LIBS_set=
ac_cv_env_ICU_LIBS_value=
ac_cv_env_LDFLAGS_EX_set=
ac_cv_env_LDFLAGS_EX_value=
ac_cv_env_LDFLAGS_SL_set=
ac_cv_env_LDFLAGS_SL_value=
ac_cv_env_LDFLAGS_set=
ac_cv_env_LDFLAGS_value=
ac_cv_env_LIBS_set=
ac_cv_env_LIBS_value=
ac_cv_env_LLVM_CONFIG_set=
ac_cv_env_LLVM_CONFIG_value=
ac_cv_env_LZ4_CFLAGS_set=
ac_cv_env_LZ4_CFLAGS_value=
ac_cv_env_LZ4_LIBS_set=
ac_cv_env_LZ4_LIBS_value=
ac_cv_env_MSGFMT_set=
ac_cv_env_MSGFMT_value=
ac_cv_env_PERL_set=
ac_cv_env_PERL_value=
ac_cv_env_PKG_CONFIG_LIBDIR_set=
ac_cv_env_PKG_CONFIG_LIBDIR_value=
ac_cv_env_PKG_CONFIG_PATH_set=
ac_cv_env_PKG_CONFIG_PATH_value=
ac_cv_env_PKG_CONFIG_set=
ac_cv_env_PKG_CONFIG_value=
ac_cv_env_PYTHON_set=
ac_cv_env_PYTHON_value=
ac_cv_env_TCLSH_set=
ac_cv_env_TCLSH_value=
ac_cv_env_XML2_CFLAGS_set=
ac_cv_env_XML2_CFLAGS_value=
ac_cv_env_XML2_CONFIG_set=
ac_cv_env_XML2_CONFIG_value=
ac_cv_env_XML2_LIBS_set=
ac_cv_env_XML2_LIBS_value=
ac_cv_env_ZSTD_CFLAGS_set=
ac_cv_env_ZSTD_CFLAGS_value=
ac_cv_env_ZSTD_LIBS_set=
ac_cv_env_ZSTD_LIBS_value=
ac_cv_env_build_alias_set=
ac_cv_env_build_alias_value=
ac_cv_env_host_alias_set=
ac_cv_env_host_alias_value=
ac_cv_env_target_alias_set=
ac_cv_env_target_alias_value=
ac_cv_host=aarch64-unknown-linux-gnu
ac_cv_objext=o
ac_cv_prog_AWK=mawk
ac_cv_prog_CPP='gcc -E'
ac_cv_prog_ac_ct_CC=gcc
ac_cv_prog_ac_ct_CXX=g++
ac_cv_prog_cc_c89=
ac_cv_prog_cc_c99=
ac_cv_prog_cc_g=yes
ac_cv_prog_cxx_g=yes
pgac_cv_prog_CC_cflags__Wcast_function_type=yes
pgac_cv_prog_CC_cflags__Wcast_function_type_strict=no
pgac_cv_prog_CC_cflags__Wcompound_token_split_by_macro=no
pgac_cv_prog_CC_cflags__Wdeclaration_after_statement=yes
pgac_cv_prog_CC_cflags__Wendif_labels=yes
pgac_cv_prog_CC_cflags__Werror_unguarded_availability_new=no
pgac_cv_prog_CC_cflags__Werror_vla=yes
pgac_cv_prog_CC_cflags__Wformat_security=yes
pgac_cv_prog_CC_cflags__Wformat_truncation=yes
pgac_cv_prog_CC_cflags__Wimplicit_fallthrough_3=yes
pgac_cv_prog_CC_cflags__Wmissing_format_attribute=yes
pgac_cv_prog_CC_cflags__Wshadow_compatible_local=yes
pgac_cv_prog_CC_cflags__Wstringop_truncation=yes
pgac_cv_prog_CC_cflags__Wunused_command_line_argument=no
pgac_cv_prog_CC_cflags__fexcess_precision_standard=yes
pgac_cv_prog_CC_cflags__fno_strict_aliasing=yes
pgac_cv_prog_CC_cflags__ftree_vectorize=yes
pgac_cv_prog_CC_cflags__funroll_loops=yes
pgac_cv_prog_CC_cflags__fvisibility_hidden=yes
pgac_cv_prog_CC_cflags__fwrapv=yes
pgac_cv_prog_CXX_cxxflags__Wcast_function_type=yes
pgac_cv_prog_CXX_cxxflags__Wendif_labels=yes
pgac_cv_prog_CXX_cxxflags__Werror_unguarded_availability_new=no
pgac_cv_prog_CXX_cxxflags__Wformat_security=yes
pgac_cv_prog_CXX_cxxflags__Wimplicit_fallthrough_3=yes
pgac_cv_prog_CXX_cxxflags__Wmissing_format_attribute=yes
pgac_cv_prog_CXX_cxxflags__Wshadow_compatible_local=yes
pgac_cv_prog_CXX_cxxflags__fexcess_precision_standard=yes
pgac_cv_prog_CXX_cxxflags__fno_strict_aliasing=yes
pgac_cv_prog_CXX_cxxflags__fvisibility_hidden=yes
pgac_cv_prog_CXX_cxxflags__fvisibility_inlines_hidden=yes
pgac_cv_prog_CXX_cxxflags__fwrapv=yes

## ----------------- ##
## Output variables. ##
## ----------------- ##

AR=''
AWK='mawk'
BISON=''
BISONFLAGS=''
BITCODE_CFLAGS=' -O2 '
BITCODE_CXXFLAGS=' -O2 '
CC='gcc'
CFLAGS='-Wall -Wmissing-prototypes -Wpointer-arith -Wdeclaration-after-statement -Werror=vla -Wendif-labels -Wmissing-format-attribute -Wimplicit-fallthrough=3 -Wcast-function-type -Wshadow=compatible-local -Wformat-security -fno-strict-aliasing -fwrapv -fexcess-precision=standard -Wno-format-truncation -Wno-stringop-truncation -O2'
CFLAGS_CRC=''
CFLAGS_SL='-fPIC'
CFLAGS_SL_MODULE=' -fvisibility=hidden'
CFLAGS_UNROLL_LOOPS=' -funroll-loops'
CFLAGS_VECTORIZE=' -ftree-vectorize'
CLANG=''
CPP='gcc -E'
CPPFLAGS=' -D_GNU_SOURCE'
CXX='g++'
CXXFLAGS='-Wall -Wpointer-arith -Wendif-labels -Wmissing-format-attribute -Wimplicit-fallthrough=3 -Wcast-function-type -Wshadow=compatible-local -Wformat-security -fno-strict-aliasing -fwrapv -fexcess-precision=standard -O2'
CXXFLAGS_SL_MODULE=' -fvisibility=hidden -fvisibility-inlines-hidden'
DBTOEPUB=''
DEFS=''
DLSUFFIX='.so'
DTRACE=''
DTRACEFLAGS=''
ECHO_C=''
ECHO_N='-n'
ECHO_T=''
EGREP=''
EXEEXT=''
FLEX=''
FLEXFLAGS=''
FOP=''
GCC='yes'
GCOV=''
GENHTML=''
GREP=''
ICU_CFLAGS=''
ICU_LIBS=''
INCLUDES=''
INSTALL_DATA=''
INSTALL_PROGRAM=''
INSTALL_SCRIPT=''
LCOV=''
LDAP_LIBS_BE=''
LDAP_LIBS_FE=''
LDFLAGS=''
LDFLAGS_EX=''
LDFLAGS_EX_BE=''
LDFLAGS_SL=''
LIBOBJS=''
LIBS=''
LLVM_BINPATH=''
LLVM_CFLAGS=''
LLVM_CONFIG=''
LLVM_CPPFLAGS=''
LLVM_CXXFLAGS=''
LLVM_LIBS=''
LN_S=''
LTLIBOBJS=''
LZ4=''
LZ4_CFLAGS=''
LZ4_LIBS=''
MKDIR_P=''
MSGFMT=''
MSGFMT_FLAGS=''
MSGMERGE=''
OBJEXT='o'
OPENSSL=''
PACKAGE_BUGREPORT='pgsql-bugs@lists.postgresql.org'
PACKAGE_NAME='PostgreSQL'
PACKAGE_STRING='PostgreSQL 16.4'
PACKAGE_TARNAME='postgresql'
PACKAGE_URL='https://www.postgresql.org/'
PACKAGE_VERSION='16.4'
PATH_SEPARATOR=':'
PERL=''
PERMIT_DECLARATION_AFTER_STATEMENT='-Wno-declaration-after-statement'
PG_CRC32C_OBJS=''
PG_MAJORVERSION='16'
PG_SYSROOT=''
PG_VERSION_NUM=''
PKG_CONFIG=''
PKG_CONFIG_LIBDIR=''
PKG_CONFIG_PATH=''
PORTNAME='linux'
PROVE=''
PTHREAD_CC=''
PTHREAD_CFLAGS=''
PTHREAD_LIBS=''
PYTHON=''
SED=''
SHELL='/bin/sh'
STRIP=''
STRIP_SHARED_LIB=''
STRIP_STATIC_LIB=''
SUN_STUDIO_CC='no'
TAR=''
TAS=''
TCLSH=''
TCL_CONFIG_SH=''
TCL_INCLUDE_SPEC=''
TCL_LIBS=''
TCL_LIB_SPEC=''
TCL_SHARED_BUILD=''
UUID_LIBS=''
WANTED_LANGUAGES=''
WINDRES=''
XGETTEXT=''
XML2_CFLAGS=''
XML2_CONFIG=''
XML2_LIBS=''
XMLLINT=''
XSLTPROC=''
ZIC=''
ZSTD=''
ZSTD_CFLAGS=''
ZSTD_LIBS=''
ac_ct_CC='gcc'
ac_ct_CXX='g++'
autodepend=''
ax_pthread_config=''
bindir='${exec_prefix}/bin'
build='aarch64-unknown-linux-gnu'
build_alias=''
build_cpu='aarch64'
build_os='linux-gnu'
build_vendor='unknown'
datadir='${datarootdir}'
datarootdir='${prefix}/share'
default_port='5432'
docdir='${datarootdir}/doc/${PACKAGE_TARNAME}'
dvidir='${docdir}'
enable_coverage='no'
enable_debug='no'
enable_dtrace='no'
enable_nls='no'
enable_rpath='yes'
enable_tap_tests='no'
enable_thread_safety='yes'
exec_prefix='NONE'
host='aarch64-unknown-linux-gnu'
host_alias=''
host_cpu='aarch64'
host_os='linux-gnu'
host_vendor='unknown'
htmldir='${docdir}'
includedir='${prefix}/include'
infodir='${datarootdir}/info'
install_bin=''
krb_srvtab=''
libdir='${exec_prefix}/lib'
libexecdir='${exec_prefix}/libexec'
localedir='${datarootdir}/locale'
localstatedir='${prefix}/var'
mandir='${datarootdir}/man'
oldincludedir='/usr/include'
pdfdir='${docdir}'
perl_archlibexp=''
perl_embed_ccflags=''
perl_embed_ldflags=''
perl_includespec=''
perl_privlibexp=''
perl_useshrplib=''
prefix='/.pg-install'
program_transform_name='s,x,x,'
psdir='${docdir}'
python_additional_libs=''
python_includespec=''
python_libdir=''
python_libspec=''
python_majorversion=''
python_version=''
sbindir='${exec_prefix}/sbin'
sharedstatedir='${prefix}/com'
sysconfdir='${prefix}/etc'
target_alias=''
vpath_build=''
with_gssapi=''
with_icu='yes'
with_krb_srvnam=''
with_ldap=''
with_libxml=''
with_libxslt=''
with_llvm='no'
with_lz4=''
with_perl=''
with_python=''
with_readline='no'
with_selinux=''
with_ssl=''
with_system_tzdata=''
with_systemd=''
with_tcl=''
with_uuid=''
with_zlib='no'
with_zstd=''

## ----------- ##
## confdefs.h. ##
## ----------- ##

/* confdefs.h */
#define PACKAGE_NAME "PostgreSQL"
#define PACKAGE_TARNAME "postgresql"
#define PACKAGE_VERSION "16.4"
#define PACKAGE_STRING "PostgreSQL 16.4"
#define PACKAGE_BUGREPORT "pgsql-bugs@lists.postgresql.org"
#define PACKAGE_URL "https://www.postgresql.org/"
#define CONFIGURE_ARGS " '--prefix=/.pg-install' '--without-readline' '--without-zlib'"
#define PG_MAJORVERSION "16"
#define PG_MAJORVERSION_NUM 16
#define PG_MINORVERSION_NUM 4
#define PG_VERSION "16.4"
#define DEF_PGPORT 5432
#define DEF_PGPORT_STR "5432"
#define BLCKSZ 8192
#define RELSEG_SIZE 131072
#define XLOG_BLCKSZ 8192
#define HAVE_VISIBILITY_ATTRIBUTE 1
#define DLSUFFIX ".so"
#define ENABLE_THREAD_SAFETY 1
#define USE_ICU 1

configure: exit 1
