current directory: /workspace/vendor/gems/gems/psych-5.3.1/ext/psych
/usr/local/bin/ruby extconf.rb
checking for pkg-config for yaml-0.1... not found
checking for yaml.h... yes
checking for yaml_get_version() in -lyaml... yes
creating Makefile

current directory: /workspace/vendor/gems/gems/psych-5.3.1/ext/psych
make DESTDIR\= sitearchdir\=./.gem.20260308-507-xxd836 sitelibdir\=./.gem.20260308-507-xxd836 clean
cd libyaml && make clean
/bin/sh: 1: cd: can't cd to libyaml
make: [Makefile:287: clean-so] Error 2 (ignored)

current directory: /workspace/vendor/gems/gems/psych-5.3.1/ext/psych
make DESTDIR\= sitearchdir\=./.gem.20260308-507-xxd836 sitelibdir\=./.gem.20260308-507-xxd836
compiling psych.c
compiling psych_emitter.c
compiling psych_parser.c
compiling psych_to_ruby.c
compiling psych_yaml_tree.c
linking shared-object psych.so

current directory: /workspace/vendor/gems/gems/psych-5.3.1/ext/psych
make DESTDIR\= sitearchdir\=./.gem.20260308-507-xxd836 sitelibdir\=./.gem.20260308-507-xxd836 install
/usr/bin/install -c -m 0755 psych.so ./.gem.20260308-507-xxd836

current directory: /workspace/vendor/gems/gems/psych-5.3.1/ext/psych
make DESTDIR\= sitearchdir\=./.gem.20260308-507-xxd836 sitelibdir\=./.gem.20260308-507-xxd836 clean
cd libyaml && make clean
/bin/sh: 1: cd: can't cd to libyaml
make: [Makefile:287: clean-so] Error 2 (ignored)
