current directory: /workspace/vendor/bundle/ruby/3.2.0/gems/psych-5.3.1/ext/psych
/usr/bin/ruby3.2 -I/usr/lib/ruby/vendor_ruby extconf.rb --with-libyaml-include\=/home/agent/.local/usr/include --with-libyaml-lib\=/home/agent/.local/usr/lib/aarch64-linux-gnu
checking for yaml.h... yes
checking for yaml_get_version() in -lyaml... yes
creating Makefile

current directory: /workspace/vendor/bundle/ruby/3.2.0/gems/psych-5.3.1/ext/psych
make DESTDIR\= sitearchdir\=./.gem.20260227-12967-zmruuo sitelibdir\=./.gem.20260227-12967-zmruuo clean
cd libyaml && make clean
/bin/sh: 1: cd: can't cd to libyaml
make: [Makefile:283: clean-so] Error 2 (ignored)

current directory: /workspace/vendor/bundle/ruby/3.2.0/gems/psych-5.3.1/ext/psych
make DESTDIR\= sitearchdir\=./.gem.20260227-12967-zmruuo sitelibdir\=./.gem.20260227-12967-zmruuo
compiling psych.c
compiling psych_emitter.c
compiling psych_parser.c
compiling psych_to_ruby.c
compiling psych_yaml_tree.c
linking shared-object psych.so

current directory: /workspace/vendor/bundle/ruby/3.2.0/gems/psych-5.3.1/ext/psych
make DESTDIR\= sitearchdir\=./.gem.20260227-12967-zmruuo sitelibdir\=./.gem.20260227-12967-zmruuo install
/usr/bin/install -c -m 0755 psych.so ./.gem.20260227-12967-zmruuo

current directory: /workspace/vendor/bundle/ruby/3.2.0/gems/psych-5.3.1/ext/psych
make DESTDIR\= sitearchdir\=./.gem.20260227-12967-zmruuo sitelibdir\=./.gem.20260227-12967-zmruuo clean
cd libyaml && make clean
/bin/sh: 1: cd: can't cd to libyaml
make: [Makefile:283: clean-so] Error 2 (ignored)
