current directory: /workspace/.rubies/arm64/lib/ruby/gems/3.4.0/gems/puma-7.2.0/ext/puma_http11
/workspace/.rubies/arm64/bin/ruby extconf.rb
checking for BIO_read() in -llibcrypto... no
checking for BIO_read() in -lcrypto... no
checking for BIO_read() in -llibeay32... no
** Puma will be compiled without SSL support
creating Makefile

current directory: /workspace/.rubies/arm64/lib/ruby/gems/3.4.0/gems/puma-7.2.0/ext/puma_http11
make DESTDIR\= sitearchdir\=./.gem.20260226-2444-kxvat2 sitelibdir\=./.gem.20260226-2444-kxvat2 clean

current directory: /workspace/.rubies/arm64/lib/ruby/gems/3.4.0/gems/puma-7.2.0/ext/puma_http11
make DESTDIR\= sitearchdir\=./.gem.20260226-2444-kxvat2 sitelibdir\=./.gem.20260226-2444-kxvat2
compiling http11_parser.c
ext/puma_http11/http11_parser.c: In function 'puma_parser_execute':
ext/puma_http11/http11_parser.c:436:19: warning: comparison is always true due to limited range of data type [-Wtype-limits]
ext/puma_http11/http11_parser.c:455:19: warning: comparison is always true due to limited range of data type [-Wtype-limits]
ext/puma_http11/http11_parser.c:510:19: warning: comparison is always true due to limited range of data type [-Wtype-limits]
ext/puma_http11/http11_parser.c:531:19: warning: comparison is always true due to limited range of data type [-Wtype-limits]
ext/puma_http11/http11_parser.c:576:9: warning: comparison is always true due to limited range of data type [-Wtype-limits]
ext/puma_http11/http11_parser.c:597:9: warning: comparison is always true due to limited range of data type [-Wtype-limits]
ext/puma_http11/http11_parser.c:619:9: warning: comparison is always true due to limited range of data type [-Wtype-limits]
ext/puma_http11/http11_parser.c:639:9: warning: comparison is always true due to limited range of data type [-Wtype-limits]
At top level:
cc1: note: unrecognized command-line option '-Wno-self-assign' may have been intended to silence earlier diagnostics
cc1: note: unrecognized command-line option '-Wno-parentheses-equality' may have been intended to silence earlier diagnostics
cc1: note: unrecognized command-line option '-Wno-constant-logical-operand' may have been intended to silence earlier diagnostics
compiling mini_ssl.c
compiling puma_http11.c
linking shared-object puma/puma_http11.so

current directory: /workspace/.rubies/arm64/lib/ruby/gems/3.4.0/gems/puma-7.2.0/ext/puma_http11
make DESTDIR\= sitearchdir\=./.gem.20260226-2444-kxvat2 sitelibdir\=./.gem.20260226-2444-kxvat2 install
/usr/bin/install -c -m 0755 puma_http11.so ./.gem.20260226-2444-kxvat2/puma

current directory: /workspace/.rubies/arm64/lib/ruby/gems/3.4.0/gems/puma-7.2.0/ext/puma_http11
make DESTDIR\= sitearchdir\=./.gem.20260226-2444-kxvat2 sitelibdir\=./.gem.20260226-2444-kxvat2 clean
