current directory: /workspace/.gem/gems/psych-5.3.1/ext/psych
/workspace/.mise-data/installs/ruby/3.4.8/bin/ruby extconf.rb --with-libyaml-include\=/workspace/.local-include --with-libyaml-lib\=/usr/lib/aarch64-linux-gnu
checking for pkg-config for yaml-0.1... not found
checking for yaml.h... yes
checking for yaml_get_version() in -lyaml... yes
creating Makefile

current directory: /workspace/.gem/gems/psych-5.3.1/ext/psych
make DESTDIR\= sitearchdir\=./.gem.20260226-1939-5yqzcg sitelibdir\=./.gem.20260226-1939-5yqzcg clean
cd libyaml && make clean
/bin/sh: 1: cd: can't cd to libyaml
make: [Makefile:287: clean-so] Error 2 (ignored)

current directory: /workspace/.gem/gems/psych-5.3.1/ext/psych
make DESTDIR\= sitearchdir\=./.gem.20260226-1939-5yqzcg sitelibdir\=./.gem.20260226-1939-5yqzcg
compiling psych.c
compiling psych_emitter.c
compiling psych_parser.c
compiling psych_to_ruby.c
compiling psych_yaml_tree.c
linking shared-object psych.so

current directory: /workspace/.gem/gems/psych-5.3.1/ext/psych
make DESTDIR\= sitearchdir\=./.gem.20260226-1939-5yqzcg sitelibdir\=./.gem.20260226-1939-5yqzcg install
/usr/bin/install -c -m 0755 psych.so ./.gem.20260226-1939-5yqzcg

current directory: /workspace/.gem/gems/psych-5.3.1/ext/psych
make DESTDIR\= sitearchdir\=./.gem.20260226-1939-5yqzcg sitelibdir\=./.gem.20260226-1939-5yqzcg clean
cd libyaml && make clean
/bin/sh: 1: cd: can't cd to libyaml
make: [Makefile:287: clean-so] Error 2 (ignored)
