current directory: /workspace/vendor/gems/gems/date-3.5.1/ext/date
/usr/local/bin/ruby extconf.rb
checking for rb_category_warn()... yes
checking for timezone in time.h with -Werror... yes
checking for altzone in time.h with -Werror... no
creating Makefile

current directory: /workspace/vendor/gems/gems/date-3.5.1/ext/date
make DESTDIR\= sitearchdir\=./.gem.20260308-507-dzy0nf sitelibdir\=./.gem.20260308-507-dzy0nf clean

current directory: /workspace/vendor/gems/gems/date-3.5.1/ext/date
make DESTDIR\= sitearchdir\=./.gem.20260308-507-dzy0nf sitelibdir\=./.gem.20260308-507-dzy0nf
compiling date_core.c
compiling date_parse.c
compiling date_strftime.c
compiling date_strptime.c
linking shared-object date_core.so

current directory: /workspace/vendor/gems/gems/date-3.5.1/ext/date
make DESTDIR\= sitearchdir\=./.gem.20260308-507-dzy0nf sitelibdir\=./.gem.20260308-507-dzy0nf install
/usr/bin/install -c -m 0755 date_core.so ./.gem.20260308-507-dzy0nf

current directory: /workspace/vendor/gems/gems/date-3.5.1/ext/date
make DESTDIR\= sitearchdir\=./.gem.20260308-507-dzy0nf sitelibdir\=./.gem.20260308-507-dzy0nf clean
