0 verbose cli /usr/local/bin/node /usr/local/lib/node_modules/npm/bin/npm-cli.js
1 info using npm@10.9.0
2 info using node@v22.12.0
3 silly config load:file:/usr/local/lib/node_modules/npm/npmrc
4 silly config load:file:/workspace/.npmrc
5 silly config load:file:/workspace/.mise-home/.npmrc
6 silly config load:file:/usr/local/etc/npmrc
7 verbose title npm exec @tailwindcss/cli -i ./app/assets/stylesheets/application.tailwind.css -o ./app/assets/builds/application.css --minify
8 verbose argv "exec" "--" "@tailwindcss/cli" "-i" "./app/assets/stylesheets/application.tailwind.css" "-o" "./app/assets/builds/application.css" "--minify"
9 verbose logfile logs-max:10 dir:/workspace/.mise-home/.npm/_logs/2026-02-25T03_29_22_135Z-
10 verbose logfile /workspace/.mise-home/.npm/_logs/2026-02-25T03_29_22_135Z-debug-0.log
11 silly logfile done cleaning log files
12 silly packumentCache heap:2197815296 maxSize:549453824 maxEntrySize:274726912
13 http fetch GET 200 https://registry.yarnpkg.com/npm 152ms
14 verbose cwd /workspace
15 verbose os Linux 6.17.8-orbstack-00308-g8f9c941121b1
16 verbose node v22.12.0
17 verbose npm  v10.9.0
18 notice
18 notice New major version of npm available! 10.9.0 -> 11.10.1
18 notice Changelog: https://github.com/npm/cli/releases/tag/v11.10.1
18 notice To update run: npm install -g npm@11.10.1
18 notice  { force: true, [Symbol(proc-log.meta)]: true }
19 verbose exit 0
20 info ok
