current directory: /workspace/vendor/bundle/ruby/3.3.0/gems/psych-5.3.1/ext/psych
/home/agent/.local/mise-data/installs/ruby/3.3.7/bin/ruby extconf.rb --with-libyaml-dir\=/home/agent/.local/mise-data/installs/ruby/3.3.7
checking for pkg-config for yaml-0.1... not found
checking for yaml.h... yes
checking for yaml_get_version() in -lyaml... yes
creating Makefile

current directory: /workspace/vendor/bundle/ruby/3.3.0/gems/psych-5.3.1/ext/psych
make DESTDIR\= sitearchdir\=./.gem.20260227-13061-b05w4k sitelibdir\=./.gem.20260227-13061-b05w4k clean
cd libyaml && make clean
/bin/sh: 1: cd: can't cd to libyaml
make: [Makefile:283: clean-so] Error 2 (ignored)

current directory: /workspace/vendor/bundle/ruby/3.3.0/gems/psych-5.3.1/ext/psych
make DESTDIR\= sitearchdir\=./.gem.20260227-13061-b05w4k sitelibdir\=./.gem.20260227-13061-b05w4k
compiling psych.c
compiling psych_emitter.c
compiling psych_parser.c
compiling psych_to_ruby.c
compiling psych_yaml_tree.c
linking shared-object psych.so

current directory: /workspace/vendor/bundle/ruby/3.3.0/gems/psych-5.3.1/ext/psych
make DESTDIR\= sitearchdir\=./.gem.20260227-13061-b05w4k sitelibdir\=./.gem.20260227-13061-b05w4k install
/usr/bin/install -c -m 0755 psych.so ./.gem.20260227-13061-b05w4k

current directory: /workspace/vendor/bundle/ruby/3.3.0/gems/psych-5.3.1/ext/psych
make DESTDIR\= sitearchdir\=./.gem.20260227-13061-b05w4k sitelibdir\=./.gem.20260227-13061-b05w4k clean
cd libyaml && make clean
/bin/sh: 1: cd: can't cd to libyaml
make: [Makefile:283: clean-so] Error 2 (ignored)
