current directory: /workspace/.bundle-gems/ruby/3.4.0/gems/json-2.19.2/ext/json/ext/parser
/usr/local/bin/ruby extconf.rb
checking for rb_enc_interned_str() in ruby/encoding.h... yes
checking for rb_str_to_interned_str() in ruby.h... yes
checking for rb_hash_new_capa() in ruby.h... yes
checking for rb_hash_bulk_insert() in ruby.h... yes
checking for whether -std=c99 is accepted as CFLAGS... yes
checking for arm_neon.h... yes
checking for cpuid.h... no
creating Makefile

current directory: /workspace/.bundle-gems/ruby/3.4.0/gems/json-2.19.2/ext/json/ext/parser
make DESTDIR\= sitearchdir\=./.gem.20260326-575-rg30dt sitelibdir\=./.gem.20260326-575-rg30dt clean

current directory: /workspace/.bundle-gems/ruby/3.4.0/gems/json-2.19.2/ext/json/ext/parser
make DESTDIR\= sitearchdir\=./.gem.20260326-575-rg30dt sitelibdir\=./.gem.20260326-575-rg30dt
compiling parser.c
linking shared-object json/ext/parser.so

current directory: /workspace/.bundle-gems/ruby/3.4.0/gems/json-2.19.2/ext/json/ext/parser
make DESTDIR\= sitearchdir\=./.gem.20260326-575-rg30dt sitelibdir\=./.gem.20260326-575-rg30dt install
/usr/bin/install -c -m 0755 parser.so ./.gem.20260326-575-rg30dt/json/ext

current directory: /workspace/.bundle-gems/ruby/3.4.0/gems/json-2.19.2/ext/json/ext/parser
make DESTDIR\= sitearchdir\=./.gem.20260326-575-rg30dt sitelibdir\=./.gem.20260326-575-rg30dt clean
