current directory: /workspace/vendor/bundle/ruby/3.2.0/gems/puma-7.2.0/ext/puma_http11
/usr/bin/ruby3.2 -I/usr/lib/ruby/vendor_ruby extconf.rb
checking for BIO_read() in -llibcrypto... no
checking for BIO_read() in -lcrypto... no
checking for BIO_read() in -llibeay32... no
** Puma will be compiled without SSL support
creating Makefile

current directory: /workspace/vendor/bundle/ruby/3.2.0/gems/puma-7.2.0/ext/puma_http11
make DESTDIR\= sitearchdir\=./.gem.20260227-11716-odn2dg sitelibdir\=./.gem.20260227-11716-odn2dg clean

current directory: /workspace/vendor/bundle/ruby/3.2.0/gems/puma-7.2.0/ext/puma_http11
make DESTDIR\= sitearchdir\=./.gem.20260227-11716-odn2dg sitelibdir\=./.gem.20260227-11716-odn2dg
compiling http11_parser.c
compiling mini_ssl.c
compiling puma_http11.c
linking shared-object puma/puma_http11.so

current directory: /workspace/vendor/bundle/ruby/3.2.0/gems/puma-7.2.0/ext/puma_http11
make DESTDIR\= sitearchdir\=./.gem.20260227-11716-odn2dg sitelibdir\=./.gem.20260227-11716-odn2dg install
/usr/bin/install -c -m 0755 puma_http11.so ./.gem.20260227-11716-odn2dg/puma

current directory: /workspace/vendor/bundle/ruby/3.2.0/gems/puma-7.2.0/ext/puma_http11
make DESTDIR\= sitearchdir\=./.gem.20260227-11716-odn2dg sitelibdir\=./.gem.20260227-11716-odn2dg clean
