current directory: /workspace/.gem/gems/date-3.5.1/ext/date
/workspace/.mise-data/installs/ruby/3.4.8/bin/ruby extconf.rb
checking for rb_category_warn()... yes
checking for timezone in time.h with -Werror... yes
checking for altzone in time.h with -Werror... no
creating Makefile

current directory: /workspace/.gem/gems/date-3.5.1/ext/date
make DESTDIR\= sitearchdir\=./.gem.20260226-595-t666mi sitelibdir\=./.gem.20260226-595-t666mi clean

current directory: /workspace/.gem/gems/date-3.5.1/ext/date
make DESTDIR\= sitearchdir\=./.gem.20260226-595-t666mi sitelibdir\=./.gem.20260226-595-t666mi
compiling date_core.c
compiling date_parse.c
compiling date_strftime.c
compiling date_strptime.c
linking shared-object date_core.so

current directory: /workspace/.gem/gems/date-3.5.1/ext/date
make DESTDIR\= sitearchdir\=./.gem.20260226-595-t666mi sitelibdir\=./.gem.20260226-595-t666mi install
/usr/bin/install -c -m 0755 date_core.so ./.gem.20260226-595-t666mi

current directory: /workspace/.gem/gems/date-3.5.1/ext/date
make DESTDIR\= sitearchdir\=./.gem.20260226-595-t666mi sitelibdir\=./.gem.20260226-595-t666mi clean
