pkg_config: checking for pkg-config for openssl... -------------------- not found

package configuration for openssl is not found
--------------------

have_library: checking for BIO_read() in -llibcrypto... -------------------- no

LD_LIBRARY_PATH=.:/home/agent/.local/mise-data/installs/ruby/3.3.7/lib "cc -o conftest -I/home/agent/.local/mise-data/installs/ruby/3.3.7/include/ruby-3.3.0/aarch64-linux -I/home/agent/.local/mise-data/installs/ruby/3.3.7/include/ruby-3.3.0/ruby/backward -I/home/agent/.local/mise-data/installs/ruby/3.3.7/include/ruby-3.3.0 -I.    -fPIC -O3 -fno-fast-math -ggdb3 -Wall -Wextra -Wdeprecated-declarations -Wdiv-by-zero -Wduplicated-cond -Wimplicit-function-declaration -Wimplicit-int -Wpointer-arith -Wwrite-strings -Wold-style-definition -Wimplicit-fallthrough=0 -Wmissing-noreturn -Wno-cast-function-type -Wno-constant-logical-operand -Wno-long-long -Wno-missing-field-initializers -Wno-overlength-strings -Wno-packed-bitfield-compat -Wno-parentheses-equality -Wno-self-assign -Wno-tautological-compare -Wno-unused-parameter -Wno-unused-value -Wsuggest-attribute=format -Wsuggest-attribute=noreturn -Wunused-variable -Wmisleading-indentation -Wundef conftest.c  -L. -L/home/agent/.local/mise-data/installs/ruby/3.3.7/lib -Wl,-rpath,/home/agent/.local/mise-data/installs/ruby/3.3.7/lib -L. -fstack-protector-strong -rdynamic -Wl,-export-dynamic     -Wl,-rpath,/home/agent/.local/mise-data/installs/ruby/3.3.7/lib -lruby-static -lrt -lrt -ldl -lcrypt -lm -lpthread   -lm -lpthread  -lc"
checked program was:
/* begin */
1: #include "ruby.h"
2: 
3: int main(int argc, char **argv)
4: {
5:   return !!argv[argc];
6: }
/* end */

LD_LIBRARY_PATH=.:/home/agent/.local/mise-data/installs/ruby/3.3.7/lib "cc -o conftest -I/home/agent/.local/mise-data/installs/ruby/3.3.7/include/ruby-3.3.0/aarch64-linux -I/home/agent/.local/mise-data/installs/ruby/3.3.7/include/ruby-3.3.0/ruby/backward -I/home/agent/.local/mise-data/installs/ruby/3.3.7/include/ruby-3.3.0 -I.    -fPIC -O3 -fno-fast-math -ggdb3 -Wall -Wextra -Wdeprecated-declarations -Wdiv-by-zero -Wduplicated-cond -Wimplicit-function-declaration -Wimplicit-int -Wpointer-arith -Wwrite-strings -Wold-style-definition -Wimplicit-fallthrough=0 -Wmissing-noreturn -Wno-cast-function-type -Wno-constant-logical-operand -Wno-long-long -Wno-missing-field-initializers -Wno-overlength-strings -Wno-packed-bitfield-compat -Wno-parentheses-equality -Wno-self-assign -Wno-tautological-compare -Wno-unused-parameter -Wno-unused-value -Wsuggest-attribute=format -Wsuggest-attribute=noreturn -Wunused-variable -Wmisleading-indentation -Wundef conftest.c  -L. -L/home/agent/.local/mise-data/installs/ruby/3.3.7/lib -Wl,-rpath,/home/agent/.local/mise-data/installs/ruby/3.3.7/lib -L. -fstack-protector-strong -rdynamic -Wl,-export-dynamic     -Wl,-rpath,/home/agent/.local/mise-data/installs/ruby/3.3.7/lib -lruby-static -lrt -lrt -ldl -lcrypt -lm -lpthread  -llibcrypto  -lm -lpthread  -lc"
conftest.c: In function 't':
conftest.c:14:57: error: 'BIO_read' undeclared (first use in this function)
   14 | int t(void) { void ((*volatile p)()); p = (void ((*)()))BIO_read; return !p; }
      |                                                         ^~~~~~~~
conftest.c:14:57: note: each undeclared identifier is reported only once for each function it appears in
At top level:
cc1: note: unrecognized command-line option '-Wno-self-assign' may have been intended to silence earlier diagnostics
cc1: note: unrecognized command-line option '-Wno-parentheses-equality' may have been intended to silence earlier diagnostics
cc1: note: unrecognized command-line option '-Wno-constant-logical-operand' may have been intended to silence earlier diagnostics
checked program was:
/* begin */
 1: #include "ruby.h"
 2: 
 3: /*top*/
 4: extern int t(void);
 5: int main(int argc, char **argv)
 6: {
 7:   if (argc > 1000000) {
 8:     int (* volatile tp)(void)=(int (*)(void))&t;
 9:     printf("%d", (*tp)());
10:   }
11: 
12:   return !!argv[argc];
13: }
14: int t(void) { void ((*volatile p)()); p = (void ((*)()))BIO_read; return !p; }
/* end */

LD_LIBRARY_PATH=.:/home/agent/.local/mise-data/installs/ruby/3.3.7/lib "cc -o conftest -I/home/agent/.local/mise-data/installs/ruby/3.3.7/include/ruby-3.3.0/aarch64-linux -I/home/agent/.local/mise-data/installs/ruby/3.3.7/include/ruby-3.3.0/ruby/backward -I/home/agent/.local/mise-data/installs/ruby/3.3.7/include/ruby-3.3.0 -I.    -fPIC -O3 -fno-fast-math -ggdb3 -Wall -Wextra -Wdeprecated-declarations -Wdiv-by-zero -Wduplicated-cond -Wimplicit-function-declaration -Wimplicit-int -Wpointer-arith -Wwrite-strings -Wold-style-definition -Wimplicit-fallthrough=0 -Wmissing-noreturn -Wno-cast-function-type -Wno-constant-logical-operand -Wno-long-long -Wno-missing-field-initializers -Wno-overlength-strings -Wno-packed-bitfield-compat -Wno-parentheses-equality -Wno-self-assign -Wno-tautological-compare -Wno-unused-parameter -Wno-unused-value -Wsuggest-attribute=format -Wsuggest-attribute=noreturn -Wunused-variable -Wmisleading-indentation -Wundef conftest.c  -L. -L/home/agent/.local/mise-data/installs/ruby/3.3.7/lib -Wl,-rpath,/home/agent/.local/mise-data/installs/ruby/3.3.7/lib -L. -fstack-protector-strong -rdynamic -Wl,-export-dynamic     -Wl,-rpath,/home/agent/.local/mise-data/installs/ruby/3.3.7/lib -lruby-static -lrt -lrt -ldl -lcrypt -lm -lpthread  -llibcrypto  -lm -lpthread  -lc"
/usr/bin/ld: cannot find -llibcrypto: No such file or directory
/usr/bin/ld: note to link with /home/agent/.local/mise-data/installs/ruby/3.3.7/lib/libcrypto.a use -l:libcrypto.a or rename it to liblibcrypto.a
collect2: error: ld returned 1 exit status
checked program was:
/* begin */
 1: #include "ruby.h"
 2: 
 3: /*top*/
 4: extern int t(void);
 5: int main(int argc, char **argv)
 6: {
 7:   if (argc > 1000000) {
 8:     int (* volatile tp)(void)=(int (*)(void))&t;
 9:     printf("%d", (*tp)());
10:   }
11: 
12:   return !!argv[argc];
13: }
14: extern void BIO_read();
15: int t(void) { BIO_read(); return 0; }
/* end */

--------------------

have_library: checking for BIO_read() in -lcrypto... -------------------- yes

LD_LIBRARY_PATH=.:/home/agent/.local/mise-data/installs/ruby/3.3.7/lib "cc -o conftest -I/home/agent/.local/mise-data/installs/ruby/3.3.7/include/ruby-3.3.0/aarch64-linux -I/home/agent/.local/mise-data/installs/ruby/3.3.7/include/ruby-3.3.0/ruby/backward -I/home/agent/.local/mise-data/installs/ruby/3.3.7/include/ruby-3.3.0 -I.    -fPIC -O3 -fno-fast-math -ggdb3 -Wall -Wextra -Wdeprecated-declarations -Wdiv-by-zero -Wduplicated-cond -Wimplicit-function-declaration -Wimplicit-int -Wpointer-arith -Wwrite-strings -Wold-style-definition -Wimplicit-fallthrough=0 -Wmissing-noreturn -Wno-cast-function-type -Wno-constant-logical-operand -Wno-long-long -Wno-missing-field-initializers -Wno-overlength-strings -Wno-packed-bitfield-compat -Wno-parentheses-equality -Wno-self-assign -Wno-tautological-compare -Wno-unused-parameter -Wno-unused-value -Wsuggest-attribute=format -Wsuggest-attribute=noreturn -Wunused-variable -Wmisleading-indentation -Wundef conftest.c  -L. -L/home/agent/.local/mise-data/installs/ruby/3.3.7/lib -Wl,-rpath,/home/agent/.local/mise-data/installs/ruby/3.3.7/lib -L. -fstack-protector-strong -rdynamic -Wl,-export-dynamic     -Wl,-rpath,/home/agent/.local/mise-data/installs/ruby/3.3.7/lib -lruby-static -lrt -lrt -ldl -lcrypt -lm -lpthread  -lcrypto  -lm -lpthread  -lc"
conftest.c: In function 't':
conftest.c:14:57: error: 'BIO_read' undeclared (first use in this function)
   14 | int t(void) { void ((*volatile p)()); p = (void ((*)()))BIO_read; return !p; }
      |                                                         ^~~~~~~~
conftest.c:14:57: note: each undeclared identifier is reported only once for each function it appears in
At top level:
cc1: note: unrecognized command-line option '-Wno-self-assign' may have been intended to silence earlier diagnostics
cc1: note: unrecognized command-line option '-Wno-parentheses-equality' may have been intended to silence earlier diagnostics
cc1: note: unrecognized command-line option '-Wno-constant-logical-operand' may have been intended to silence earlier diagnostics
checked program was:
/* begin */
 1: #include "ruby.h"
 2: 
 3: /*top*/
 4: extern int t(void);
 5: int main(int argc, char **argv)
 6: {
 7:   if (argc > 1000000) {
 8:     int (* volatile tp)(void)=(int (*)(void))&t;
 9:     printf("%d", (*tp)());
10:   }
11: 
12:   return !!argv[argc];
13: }
14: int t(void) { void ((*volatile p)()); p = (void ((*)()))BIO_read; return !p; }
/* end */

LD_LIBRARY_PATH=.:/home/agent/.local/mise-data/installs/ruby/3.3.7/lib "cc -o conftest -I/home/agent/.local/mise-data/installs/ruby/3.3.7/include/ruby-3.3.0/aarch64-linux -I/home/agent/.local/mise-data/installs/ruby/3.3.7/include/ruby-3.3.0/ruby/backward -I/home/agent/.local/mise-data/installs/ruby/3.3.7/include/ruby-3.3.0 -I.    -fPIC -O3 -fno-fast-math -ggdb3 -Wall -Wextra -Wdeprecated-declarations -Wdiv-by-zero -Wduplicated-cond -Wimplicit-function-declaration -Wimplicit-int -Wpointer-arith -Wwrite-strings -Wold-style-definition -Wimplicit-fallthrough=0 -Wmissing-noreturn -Wno-cast-function-type -Wno-constant-logical-operand -Wno-long-long -Wno-missing-field-initializers -Wno-overlength-strings -Wno-packed-bitfield-compat -Wno-parentheses-equality -Wno-self-assign -Wno-tautological-compare -Wno-unused-parameter -Wno-unused-value -Wsuggest-attribute=format -Wsuggest-attribute=noreturn -Wunused-variable -Wmisleading-indentation -Wundef conftest.c  -L. -L/home/agent/.local/mise-data/installs/ruby/3.3.7/lib -Wl,-rpath,/home/agent/.local/mise-data/installs/ruby/3.3.7/lib -L. -fstack-protector-strong -rdynamic -Wl,-export-dynamic     -Wl,-rpath,/home/agent/.local/mise-data/installs/ruby/3.3.7/lib -lruby-static -lrt -lrt -ldl -lcrypt -lm -lpthread  -lcrypto  -lm -lpthread  -lc"
checked program was:
/* begin */
 1: #include "ruby.h"
 2: 
 3: /*top*/
 4: extern int t(void);
 5: int main(int argc, char **argv)
 6: {
 7:   if (argc > 1000000) {
 8:     int (* volatile tp)(void)=(int (*)(void))&t;
 9:     printf("%d", (*tp)());
10:   }
11: 
12:   return !!argv[argc];
13: }
14: extern void BIO_read();
15: int t(void) { BIO_read(); return 0; }
/* end */

--------------------

have_library: checking for SSL_CTX_new() in -lssl... -------------------- yes

LD_LIBRARY_PATH=.:/home/agent/.local/mise-data/installs/ruby/3.3.7/lib "cc -o conftest -I/home/agent/.local/mise-data/installs/ruby/3.3.7/include/ruby-3.3.0/aarch64-linux -I/home/agent/.local/mise-data/installs/ruby/3.3.7/include/ruby-3.3.0/ruby/backward -I/home/agent/.local/mise-data/installs/ruby/3.3.7/include/ruby-3.3.0 -I.    -fPIC -O3 -fno-fast-math -ggdb3 -Wall -Wextra -Wdeprecated-declarations -Wdiv-by-zero -Wduplicated-cond -Wimplicit-function-declaration -Wimplicit-int -Wpointer-arith -Wwrite-strings -Wold-style-definition -Wimplicit-fallthrough=0 -Wmissing-noreturn -Wno-cast-function-type -Wno-constant-logical-operand -Wno-long-long -Wno-missing-field-initializers -Wno-overlength-strings -Wno-packed-bitfield-compat -Wno-parentheses-equality -Wno-self-assign -Wno-tautological-compare -Wno-unused-parameter -Wno-unused-value -Wsuggest-attribute=format -Wsuggest-attribute=noreturn -Wunused-variable -Wmisleading-indentation -Wundef conftest.c  -L. -L/home/agent/.local/mise-data/installs/ruby/3.3.7/lib -Wl,-rpath,/home/agent/.local/mise-data/installs/ruby/3.3.7/lib -L. -fstack-protector-strong -rdynamic -Wl,-export-dynamic    -lcrypto  -Wl,-rpath,/home/agent/.local/mise-data/installs/ruby/3.3.7/lib -lruby-static -lrt -lrt -ldl -lcrypt -lm -lpthread  -lssl -lcrypto  -lm -lpthread  -lc"
conftest.c: In function 't':
conftest.c:14:57: error: 'SSL_CTX_new' undeclared (first use in this function)
   14 | int t(void) { void ((*volatile p)()); p = (void ((*)()))SSL_CTX_new; return !p; }
      |                                                         ^~~~~~~~~~~
conftest.c:14:57: note: each undeclared identifier is reported only once for each function it appears in
At top level:
cc1: note: unrecognized command-line option '-Wno-self-assign' may have been intended to silence earlier diagnostics
cc1: note: unrecognized command-line option '-Wno-parentheses-equality' may have been intended to silence earlier diagnostics
cc1: note: unrecognized command-line option '-Wno-constant-logical-operand' may have been intended to silence earlier diagnostics
checked program was:
/* begin */
 1: #include "ruby.h"
 2: 
 3: /*top*/
 4: extern int t(void);
 5: int main(int argc, char **argv)
 6: {
 7:   if (argc > 1000000) {
 8:     int (* volatile tp)(void)=(int (*)(void))&t;
 9:     printf("%d", (*tp)());
10:   }
11: 
12:   return !!argv[argc];
13: }
14: int t(void) { void ((*volatile p)()); p = (void ((*)()))SSL_CTX_new; return !p; }
/* end */

LD_LIBRARY_PATH=.:/home/agent/.local/mise-data/installs/ruby/3.3.7/lib "cc -o conftest -I/home/agent/.local/mise-data/installs/ruby/3.3.7/include/ruby-3.3.0/aarch64-linux -I/home/agent/.local/mise-data/installs/ruby/3.3.7/include/ruby-3.3.0/ruby/backward -I/home/agent/.local/mise-data/installs/ruby/3.3.7/include/ruby-3.3.0 -I.    -fPIC -O3 -fno-fast-math -ggdb3 -Wall -Wextra -Wdeprecated-declarations -Wdiv-by-zero -Wduplicated-cond -Wimplicit-function-declaration -Wimplicit-int -Wpointer-arith -Wwrite-strings -Wold-style-definition -Wimplicit-fallthrough=0 -Wmissing-noreturn -Wno-cast-function-type -Wno-constant-logical-operand -Wno-long-long -Wno-missing-field-initializers -Wno-overlength-strings -Wno-packed-bitfield-compat -Wno-parentheses-equality -Wno-self-assign -Wno-tautological-compare -Wno-unused-parameter -Wno-unused-value -Wsuggest-attribute=format -Wsuggest-attribute=noreturn -Wunused-variable -Wmisleading-indentation -Wundef conftest.c  -L. -L/home/agent/.local/mise-data/installs/ruby/3.3.7/lib -Wl,-rpath,/home/agent/.local/mise-data/installs/ruby/3.3.7/lib -L. -fstack-protector-strong -rdynamic -Wl,-export-dynamic    -lcrypto  -Wl,-rpath,/home/agent/.local/mise-data/installs/ruby/3.3.7/lib -lruby-static -lrt -lrt -ldl -lcrypt -lm -lpthread  -lssl -lcrypto  -lm -lpthread  -lc"
checked program was:
/* begin */
 1: #include "ruby.h"
 2: 
 3: /*top*/
 4: extern int t(void);
 5: int main(int argc, char **argv)
 6: {
 7:   if (argc > 1000000) {
 8:     int (* volatile tp)(void)=(int (*)(void))&t;
 9:     printf("%d", (*tp)());
10:   }
11: 
12:   return !!argv[argc];
13: }
14: extern void SSL_CTX_new();
15: int t(void) { SSL_CTX_new(); return 0; }
/* end */

--------------------

have_header: checking for openssl/bio.h... -------------------- no

LD_LIBRARY_PATH=.:/home/agent/.local/mise-data/installs/ruby/3.3.7/lib "cc -I/home/agent/.local/mise-data/installs/ruby/3.3.7/include/ruby-3.3.0/aarch64-linux -I/home/agent/.local/mise-data/installs/ruby/3.3.7/include/ruby-3.3.0/ruby/backward -I/home/agent/.local/mise-data/installs/ruby/3.3.7/include/ruby-3.3.0 -I.    -fPIC -O3 -fno-fast-math -ggdb3 -Wall -Wextra -Wdeprecated-declarations -Wdiv-by-zero -Wduplicated-cond -Wimplicit-function-declaration -Wimplicit-int -Wpointer-arith -Wwrite-strings -Wold-style-definition -Wimplicit-fallthrough=0 -Wmissing-noreturn -Wno-cast-function-type -Wno-constant-logical-operand -Wno-long-long -Wno-missing-field-initializers -Wno-overlength-strings -Wno-packed-bitfield-compat -Wno-parentheses-equality -Wno-self-assign -Wno-tautological-compare -Wno-unused-parameter -Wno-unused-value -Wsuggest-attribute=format -Wsuggest-attribute=noreturn -Wunused-variable -Wmisleading-indentation -Wundef   -c conftest.c"
conftest.c:3:10: fatal error: openssl/bio.h: No such file or directory
    3 | #include <openssl/bio.h>
      |          ^~~~~~~~~~~~~~~
compilation terminated.
checked program was:
/* begin */
1: #include "ruby.h"
2: 
3: #include <openssl/bio.h>
/* end */

--------------------

have_func: checking for DTLS_method() in openssl/ssl.h... -------------------- no

LD_LIBRARY_PATH=.:/home/agent/.local/mise-data/installs/ruby/3.3.7/lib "cc -o conftest -I/home/agent/.local/mise-data/installs/ruby/3.3.7/include/ruby-3.3.0/aarch64-linux -I/home/agent/.local/mise-data/installs/ruby/3.3.7/include/ruby-3.3.0/ruby/backward -I/home/agent/.local/mise-data/installs/ruby/3.3.7/include/ruby-3.3.0 -I.    -fPIC -O3 -fno-fast-math -ggdb3 -Wall -Wextra -Wdeprecated-declarations -Wdiv-by-zero -Wduplicated-cond -Wimplicit-function-declaration -Wimplicit-int -Wpointer-arith -Wwrite-strings -Wold-style-definition -Wimplicit-fallthrough=0 -Wmissing-noreturn -Wno-cast-function-type -Wno-constant-logical-operand -Wno-long-long -Wno-missing-field-initializers -Wno-overlength-strings -Wno-packed-bitfield-compat -Wno-parentheses-equality -Wno-self-assign -Wno-tautological-compare -Wno-unused-parameter -Wno-unused-value -Wsuggest-attribute=format -Wsuggest-attribute=noreturn -Wunused-variable -Wmisleading-indentation -Wundef conftest.c  -L. -L/home/agent/.local/mise-data/installs/ruby/3.3.7/lib -Wl,-rpath,/home/agent/.local/mise-data/installs/ruby/3.3.7/lib -L. -fstack-protector-strong -rdynamic -Wl,-export-dynamic    -lssl -lcrypto  -Wl,-rpath,/home/agent/.local/mise-data/installs/ruby/3.3.7/lib -lruby-static -lrt -lrt -ldl -lcrypt -lm -lpthread  -lssl -lcrypto  -lm -lpthread  -lc"
conftest.c:3:10: fatal error: openssl/ssl.h: No such file or directory
    3 | #include <openssl/ssl.h>
      |          ^~~~~~~~~~~~~~~
compilation terminated.
checked program was:
/* begin */
 1: #include "ruby.h"
 2: 
 3: #include <openssl/ssl.h>
 4: 
 5: /*top*/
 6: extern int t(void);
 7: int main(int argc, char **argv)
 8: {
 9:   if (argc > 1000000) {
10:     int (* volatile tp)(void)=(int (*)(void))&t;
11:     printf("%d", (*tp)());
12:   }
13: 
14:   return !!argv[argc];
15: }
16: int t(void) { void ((*volatile p)()); p = (void ((*)()))DTLS_method; return !p; }
/* end */

LD_LIBRARY_PATH=.:/home/agent/.local/mise-data/installs/ruby/3.3.7/lib "cc -o conftest -I/home/agent/.local/mise-data/installs/ruby/3.3.7/include/ruby-3.3.0/aarch64-linux -I/home/agent/.local/mise-data/installs/ruby/3.3.7/include/ruby-3.3.0/ruby/backward -I/home/agent/.local/mise-data/installs/ruby/3.3.7/include/ruby-3.3.0 -I.    -fPIC -O3 -fno-fast-math -ggdb3 -Wall -Wextra -Wdeprecated-declarations -Wdiv-by-zero -Wduplicated-cond -Wimplicit-function-declaration -Wimplicit-int -Wpointer-arith -Wwrite-strings -Wold-style-definition -Wimplicit-fallthrough=0 -Wmissing-noreturn -Wno-cast-function-type -Wno-constant-logical-operand -Wno-long-long -Wno-missing-field-initializers -Wno-overlength-strings -Wno-packed-bitfield-compat -Wno-parentheses-equality -Wno-self-assign -Wno-tautological-compare -Wno-unused-parameter -Wno-unused-value -Wsuggest-attribute=format -Wsuggest-attribute=noreturn -Wunused-variable -Wmisleading-indentation -Wundef conftest.c  -L. -L/home/agent/.local/mise-data/installs/ruby/3.3.7/lib -Wl,-rpath,/home/agent/.local/mise-data/installs/ruby/3.3.7/lib -L. -fstack-protector-strong -rdynamic -Wl,-export-dynamic    -lssl -lcrypto  -Wl,-rpath,/home/agent/.local/mise-data/installs/ruby/3.3.7/lib -lruby-static -lrt -lrt -ldl -lcrypt -lm -lpthread  -lssl -lcrypto  -lm -lpthread  -lc"
conftest.c:3:10: fatal error: openssl/ssl.h: No such file or directory
    3 | #include <openssl/ssl.h>
      |          ^~~~~~~~~~~~~~~
compilation terminated.
checked program was:
/* begin */
 1: #include "ruby.h"
 2: 
 3: #include <openssl/ssl.h>
 4: 
 5: /*top*/
 6: extern int t(void);
 7: int main(int argc, char **argv)
 8: {
 9:   if (argc > 1000000) {
10:     int (* volatile tp)(void)=(int (*)(void))&t;
11:     printf("%d", (*tp)());
12:   }
13: 
14:   return !!argv[argc];
15: }
16: extern void DTLS_method();
17: int t(void) { DTLS_method(); return 0; }
/* end */

--------------------

have_func: checking for SSL_CTX_set_session_cache_mode(NULL, 0) in openssl/ssl.h... -------------------- no

LD_LIBRARY_PATH=.:/home/agent/.local/mise-data/installs/ruby/3.3.7/lib "cc -o conftest -I/home/agent/.local/mise-data/installs/ruby/3.3.7/include/ruby-3.3.0/aarch64-linux -I/home/agent/.local/mise-data/installs/ruby/3.3.7/include/ruby-3.3.0/ruby/backward -I/home/agent/.local/mise-data/installs/ruby/3.3.7/include/ruby-3.3.0 -I.    -fPIC -O3 -fno-fast-math -ggdb3 -Wall -Wextra -Wdeprecated-declarations -Wdiv-by-zero -Wduplicated-cond -Wimplicit-function-declaration -Wimplicit-int -Wpointer-arith -Wwrite-strings -Wold-style-definition -Wimplicit-fallthrough=0 -Wmissing-noreturn -Wno-cast-function-type -Wno-constant-logical-operand -Wno-long-long -Wno-missing-field-initializers -Wno-overlength-strings -Wno-packed-bitfield-compat -Wno-parentheses-equality -Wno-self-assign -Wno-tautological-compare -Wno-unused-parameter -Wno-unused-value -Wsuggest-attribute=format -Wsuggest-attribute=noreturn -Wunused-variable -Wmisleading-indentation -Wundef conftest.c  -L. -L/home/agent/.local/mise-data/installs/ruby/3.3.7/lib -Wl,-rpath,/home/agent/.local/mise-data/installs/ruby/3.3.7/lib -L. -fstack-protector-strong -rdynamic -Wl,-export-dynamic    -lssl -lcrypto  -Wl,-rpath,/home/agent/.local/mise-data/installs/ruby/3.3.7/lib -lruby-static -lrt -lrt -ldl -lcrypt -lm -lpthread  -lssl -lcrypto  -lm -lpthread  -lc"
conftest.c:3:10: fatal error: openssl/ssl.h: No such file or directory
    3 | #include <openssl/ssl.h>
      |          ^~~~~~~~~~~~~~~
compilation terminated.
checked program was:
/* begin */
 1: #include "ruby.h"
 2: 
 3: #include <openssl/ssl.h>
 4: 
 5: /*top*/
 6: extern int t(void);
 7: int main(int argc, char **argv)
 8: {
 9:   if (argc > 1000000) {
10:     int (* volatile tp)(void)=(int (*)(void))&t;
11:     printf("%d", (*tp)());
12:   }
13: 
14:   return !!argv[argc];
15: }
16: 
17: int t(void) { SSL_CTX_set_session_cache_mode(NULL, 0); return 0; }
/* end */

--------------------

have_func: checking for TLS_server_method() in openssl/ssl.h... -------------------- no

LD_LIBRARY_PATH=.:/home/agent/.local/mise-data/installs/ruby/3.3.7/lib "cc -o conftest -I/home/agent/.local/mise-data/installs/ruby/3.3.7/include/ruby-3.3.0/aarch64-linux -I/home/agent/.local/mise-data/installs/ruby/3.3.7/include/ruby-3.3.0/ruby/backward -I/home/agent/.local/mise-data/installs/ruby/3.3.7/include/ruby-3.3.0 -I.    -fPIC -O3 -fno-fast-math -ggdb3 -Wall -Wextra -Wdeprecated-declarations -Wdiv-by-zero -Wduplicated-cond -Wimplicit-function-declaration -Wimplicit-int -Wpointer-arith -Wwrite-strings -Wold-style-definition -Wimplicit-fallthrough=0 -Wmissing-noreturn -Wno-cast-function-type -Wno-constant-logical-operand -Wno-long-long -Wno-missing-field-initializers -Wno-overlength-strings -Wno-packed-bitfield-compat -Wno-parentheses-equality -Wno-self-assign -Wno-tautological-compare -Wno-unused-parameter -Wno-unused-value -Wsuggest-attribute=format -Wsuggest-attribute=noreturn -Wunused-variable -Wmisleading-indentation -Wundef conftest.c  -L. -L/home/agent/.local/mise-data/installs/ruby/3.3.7/lib -Wl,-rpath,/home/agent/.local/mise-data/installs/ruby/3.3.7/lib -L. -fstack-protector-strong -rdynamic -Wl,-export-dynamic    -lssl -lcrypto  -Wl,-rpath,/home/agent/.local/mise-data/installs/ruby/3.3.7/lib -lruby-static -lrt -lrt -ldl -lcrypt -lm -lpthread  -lssl -lcrypto  -lm -lpthread  -lc"
conftest.c:3:10: fatal error: openssl/ssl.h: No such file or directory
    3 | #include <openssl/ssl.h>
      |          ^~~~~~~~~~~~~~~
compilation terminated.
checked program was:
/* begin */
 1: #include "ruby.h"
 2: 
 3: #include <openssl/ssl.h>
 4: 
 5: /*top*/
 6: extern int t(void);
 7: int main(int argc, char **argv)
 8: {
 9:   if (argc > 1000000) {
10:     int (* volatile tp)(void)=(int (*)(void))&t;
11:     printf("%d", (*tp)());
12:   }
13: 
14:   return !!argv[argc];
15: }
16: int t(void) { void ((*volatile p)()); p = (void ((*)()))TLS_server_method; return !p; }
/* end */

LD_LIBRARY_PATH=.:/home/agent/.local/mise-data/installs/ruby/3.3.7/lib "cc -o conftest -I/home/agent/.local/mise-data/installs/ruby/3.3.7/include/ruby-3.3.0/aarch64-linux -I/home/agent/.local/mise-data/installs/ruby/3.3.7/include/ruby-3.3.0/ruby/backward -I/home/agent/.local/mise-data/installs/ruby/3.3.7/include/ruby-3.3.0 -I.    -fPIC -O3 -fno-fast-math -ggdb3 -Wall -Wextra -Wdeprecated-declarations -Wdiv-by-zero -Wduplicated-cond -Wimplicit-function-declaration -Wimplicit-int -Wpointer-arith -Wwrite-strings -Wold-style-definition -Wimplicit-fallthrough=0 -Wmissing-noreturn -Wno-cast-function-type -Wno-constant-logical-operand -Wno-long-long -Wno-missing-field-initializers -Wno-overlength-strings -Wno-packed-bitfield-compat -Wno-parentheses-equality -Wno-self-assign -Wno-tautological-compare -Wno-unused-parameter -Wno-unused-value -Wsuggest-attribute=format -Wsuggest-attribute=noreturn -Wunused-variable -Wmisleading-indentation -Wundef conftest.c  -L. -L/home/agent/.local/mise-data/installs/ruby/3.3.7/lib -Wl,-rpath,/home/agent/.local/mise-data/installs/ruby/3.3.7/lib -L. -fstack-protector-strong -rdynamic -Wl,-export-dynamic    -lssl -lcrypto  -Wl,-rpath,/home/agent/.local/mise-data/installs/ruby/3.3.7/lib -lruby-static -lrt -lrt -ldl -lcrypt -lm -lpthread  -lssl -lcrypto  -lm -lpthread  -lc"
conftest.c:3:10: fatal error: openssl/ssl.h: No such file or directory
    3 | #include <openssl/ssl.h>
      |          ^~~~~~~~~~~~~~~
compilation terminated.
checked program was:
/* begin */
 1: #include "ruby.h"
 2: 
 3: #include <openssl/ssl.h>
 4: 
 5: /*top*/
 6: extern int t(void);
 7: int main(int argc, char **argv)
 8: {
 9:   if (argc > 1000000) {
10:     int (* volatile tp)(void)=(int (*)(void))&t;
11:     printf("%d", (*tp)());
12:   }
13: 
14:   return !!argv[argc];
15: }
16: extern void TLS_server_method();
17: int t(void) { TLS_server_method(); return 0; }
/* end */

--------------------

have_func: checking for SSL_CTX_set_min_proto_version(NULL, 0) in openssl/ssl.h... -------------------- no

LD_LIBRARY_PATH=.:/home/agent/.local/mise-data/installs/ruby/3.3.7/lib "cc -o conftest -I/home/agent/.local/mise-data/installs/ruby/3.3.7/include/ruby-3.3.0/aarch64-linux -I/home/agent/.local/mise-data/installs/ruby/3.3.7/include/ruby-3.3.0/ruby/backward -I/home/agent/.local/mise-data/installs/ruby/3.3.7/include/ruby-3.3.0 -I.    -fPIC -O3 -fno-fast-math -ggdb3 -Wall -Wextra -Wdeprecated-declarations -Wdiv-by-zero -Wduplicated-cond -Wimplicit-function-declaration -Wimplicit-int -Wpointer-arith -Wwrite-strings -Wold-style-definition -Wimplicit-fallthrough=0 -Wmissing-noreturn -Wno-cast-function-type -Wno-constant-logical-operand -Wno-long-long -Wno-missing-field-initializers -Wno-overlength-strings -Wno-packed-bitfield-compat -Wno-parentheses-equality -Wno-self-assign -Wno-tautological-compare -Wno-unused-parameter -Wno-unused-value -Wsuggest-attribute=format -Wsuggest-attribute=noreturn -Wunused-variable -Wmisleading-indentation -Wundef conftest.c  -L. -L/home/agent/.local/mise-data/installs/ruby/3.3.7/lib -Wl,-rpath,/home/agent/.local/mise-data/installs/ruby/3.3.7/lib -L. -fstack-protector-strong -rdynamic -Wl,-export-dynamic    -lssl -lcrypto  -Wl,-rpath,/home/agent/.local/mise-data/installs/ruby/3.3.7/lib -lruby-static -lrt -lrt -ldl -lcrypt -lm -lpthread  -lssl -lcrypto  -lm -lpthread  -lc"
conftest.c:3:10: fatal error: openssl/ssl.h: No such file or directory
    3 | #include <openssl/ssl.h>
      |          ^~~~~~~~~~~~~~~
compilation terminated.
checked program was:
/* begin */
 1: #include "ruby.h"
 2: 
 3: #include <openssl/ssl.h>
 4: 
 5: /*top*/
 6: extern int t(void);
 7: int main(int argc, char **argv)
 8: {
 9:   if (argc > 1000000) {
10:     int (* volatile tp)(void)=(int (*)(void))&t;
11:     printf("%d", (*tp)());
12:   }
13: 
14:   return !!argv[argc];
15: }
16: 
17: int t(void) { SSL_CTX_set_min_proto_version(NULL, 0); return 0; }
/* end */

--------------------

have_func: checking for SSL_CTX_set_dh_auto(NULL, 0) in openssl/ssl.h... -------------------- no

LD_LIBRARY_PATH=.:/home/agent/.local/mise-data/installs/ruby/3.3.7/lib "cc -o conftest -I/home/agent/.local/mise-data/installs/ruby/3.3.7/include/ruby-3.3.0/aarch64-linux -I/home/agent/.local/mise-data/installs/ruby/3.3.7/include/ruby-3.3.0/ruby/backward -I/home/agent/.local/mise-data/installs/ruby/3.3.7/include/ruby-3.3.0 -I.    -fPIC -O3 -fno-fast-math -ggdb3 -Wall -Wextra -Wdeprecated-declarations -Wdiv-by-zero -Wduplicated-cond -Wimplicit-function-declaration -Wimplicit-int -Wpointer-arith -Wwrite-strings -Wold-style-definition -Wimplicit-fallthrough=0 -Wmissing-noreturn -Wno-cast-function-type -Wno-constant-logical-operand -Wno-long-long -Wno-missing-field-initializers -Wno-overlength-strings -Wno-packed-bitfield-compat -Wno-parentheses-equality -Wno-self-assign -Wno-tautological-compare -Wno-unused-parameter -Wno-unused-value -Wsuggest-attribute=format -Wsuggest-attribute=noreturn -Wunused-variable -Wmisleading-indentation -Wundef conftest.c  -L. -L/home/agent/.local/mise-data/installs/ruby/3.3.7/lib -Wl,-rpath,/home/agent/.local/mise-data/installs/ruby/3.3.7/lib -L. -fstack-protector-strong -rdynamic -Wl,-export-dynamic    -lssl -lcrypto  -Wl,-rpath,/home/agent/.local/mise-data/installs/ruby/3.3.7/lib -lruby-static -lrt -lrt -ldl -lcrypt -lm -lpthread  -lssl -lcrypto  -lm -lpthread  -lc"
conftest.c:3:10: fatal error: openssl/ssl.h: No such file or directory
    3 | #include <openssl/ssl.h>
      |          ^~~~~~~~~~~~~~~
compilation terminated.
checked program was:
/* begin */
 1: #include "ruby.h"
 2: 
 3: #include <openssl/ssl.h>
 4: 
 5: /*top*/
 6: extern int t(void);
 7: int main(int argc, char **argv)
 8: {
 9:   if (argc > 1000000) {
10:     int (* volatile tp)(void)=(int (*)(void))&t;
11:     printf("%d", (*tp)());
12:   }
13: 
14:   return !!argv[argc];
15: }
16: 
17: int t(void) { SSL_CTX_set_dh_auto(NULL, 0); return 0; }
/* end */

--------------------

have_func: checking for SSL_CTX_set_ciphersuites(NULL, "") in openssl/ssl.h... -------------------- no

LD_LIBRARY_PATH=.:/home/agent/.local/mise-data/installs/ruby/3.3.7/lib "cc -o conftest -I/home/agent/.local/mise-data/installs/ruby/3.3.7/include/ruby-3.3.0/aarch64-linux -I/home/agent/.local/mise-data/installs/ruby/3.3.7/include/ruby-3.3.0/ruby/backward -I/home/agent/.local/mise-data/installs/ruby/3.3.7/include/ruby-3.3.0 -I.    -fPIC -O3 -fno-fast-math -ggdb3 -Wall -Wextra -Wdeprecated-declarations -Wdiv-by-zero -Wduplicated-cond -Wimplicit-function-declaration -Wimplicit-int -Wpointer-arith -Wwrite-strings -Wold-style-definition -Wimplicit-fallthrough=0 -Wmissing-noreturn -Wno-cast-function-type -Wno-constant-logical-operand -Wno-long-long -Wno-missing-field-initializers -Wno-overlength-strings -Wno-packed-bitfield-compat -Wno-parentheses-equality -Wno-self-assign -Wno-tautological-compare -Wno-unused-parameter -Wno-unused-value -Wsuggest-attribute=format -Wsuggest-attribute=noreturn -Wunused-variable -Wmisleading-indentation -Wundef conftest.c  -L. -L/home/agent/.local/mise-data/installs/ruby/3.3.7/lib -Wl,-rpath,/home/agent/.local/mise-data/installs/ruby/3.3.7/lib -L. -fstack-protector-strong -rdynamic -Wl,-export-dynamic    -lssl -lcrypto  -Wl,-rpath,/home/agent/.local/mise-data/installs/ruby/3.3.7/lib -lruby-static -lrt -lrt -ldl -lcrypt -lm -lpthread  -lssl -lcrypto  -lm -lpthread  -lc"
conftest.c:3:10: fatal error: openssl/ssl.h: No such file or directory
    3 | #include <openssl/ssl.h>
      |          ^~~~~~~~~~~~~~~
compilation terminated.
checked program was:
/* begin */
 1: #include "ruby.h"
 2: 
 3: #include <openssl/ssl.h>
 4: 
 5: /*top*/
 6: extern int t(void);
 7: int main(int argc, char **argv)
 8: {
 9:   if (argc > 1000000) {
10:     int (* volatile tp)(void)=(int (*)(void))&t;
11:     printf("%d", (*tp)());
12:   }
13: 
14:   return !!argv[argc];
15: }
16: 
17: int t(void) { char s1[1024]; SSL_CTX_set_ciphersuites(NULL, s1); return 0; }
/* end */

--------------------

have_func: checking for SSL_get1_peer_certificate() in openssl/ssl.h... -------------------- no

LD_LIBRARY_PATH=.:/home/agent/.local/mise-data/installs/ruby/3.3.7/lib "cc -o conftest -I/home/agent/.local/mise-data/installs/ruby/3.3.7/include/ruby-3.3.0/aarch64-linux -I/home/agent/.local/mise-data/installs/ruby/3.3.7/include/ruby-3.3.0/ruby/backward -I/home/agent/.local/mise-data/installs/ruby/3.3.7/include/ruby-3.3.0 -I.    -fPIC -O3 -fno-fast-math -ggdb3 -Wall -Wextra -Wdeprecated-declarations -Wdiv-by-zero -Wduplicated-cond -Wimplicit-function-declaration -Wimplicit-int -Wpointer-arith -Wwrite-strings -Wold-style-definition -Wimplicit-fallthrough=0 -Wmissing-noreturn -Wno-cast-function-type -Wno-constant-logical-operand -Wno-long-long -Wno-missing-field-initializers -Wno-overlength-strings -Wno-packed-bitfield-compat -Wno-parentheses-equality -Wno-self-assign -Wno-tautological-compare -Wno-unused-parameter -Wno-unused-value -Wsuggest-attribute=format -Wsuggest-attribute=noreturn -Wunused-variable -Wmisleading-indentation -Wundef conftest.c  -L. -L/home/agent/.local/mise-data/installs/ruby/3.3.7/lib -Wl,-rpath,/home/agent/.local/mise-data/installs/ruby/3.3.7/lib -L. -fstack-protector-strong -rdynamic -Wl,-export-dynamic    -lssl -lcrypto  -Wl,-rpath,/home/agent/.local/mise-data/installs/ruby/3.3.7/lib -lruby-static -lrt -lrt -ldl -lcrypt -lm -lpthread  -lssl -lcrypto  -lm -lpthread  -lc"
conftest.c:3:10: fatal error: openssl/ssl.h: No such file or directory
    3 | #include <openssl/ssl.h>
      |          ^~~~~~~~~~~~~~~
compilation terminated.
checked program was:
/* begin */
 1: #include "ruby.h"
 2: 
 3: #include <openssl/ssl.h>
 4: 
 5: /*top*/
 6: extern int t(void);
 7: int main(int argc, char **argv)
 8: {
 9:   if (argc > 1000000) {
10:     int (* volatile tp)(void)=(int (*)(void))&t;
11:     printf("%d", (*tp)());
12:   }
13: 
14:   return !!argv[argc];
15: }
16: int t(void) { void ((*volatile p)()); p = (void ((*)()))SSL_get1_peer_certificate; return !p; }
/* end */

LD_LIBRARY_PATH=.:/home/agent/.local/mise-data/installs/ruby/3.3.7/lib "cc -o conftest -I/home/agent/.local/mise-data/installs/ruby/3.3.7/include/ruby-3.3.0/aarch64-linux -I/home/agent/.local/mise-data/installs/ruby/3.3.7/include/ruby-3.3.0/ruby/backward -I/home/agent/.local/mise-data/installs/ruby/3.3.7/include/ruby-3.3.0 -I.    -fPIC -O3 -fno-fast-math -ggdb3 -Wall -Wextra -Wdeprecated-declarations -Wdiv-by-zero -Wduplicated-cond -Wimplicit-function-declaration -Wimplicit-int -Wpointer-arith -Wwrite-strings -Wold-style-definition -Wimplicit-fallthrough=0 -Wmissing-noreturn -Wno-cast-function-type -Wno-constant-logical-operand -Wno-long-long -Wno-missing-field-initializers -Wno-overlength-strings -Wno-packed-bitfield-compat -Wno-parentheses-equality -Wno-self-assign -Wno-tautological-compare -Wno-unused-parameter -Wno-unused-value -Wsuggest-attribute=format -Wsuggest-attribute=noreturn -Wunused-variable -Wmisleading-indentation -Wundef conftest.c  -L. -L/home/agent/.local/mise-data/installs/ruby/3.3.7/lib -Wl,-rpath,/home/agent/.local/mise-data/installs/ruby/3.3.7/lib -L. -fstack-protector-strong -rdynamic -Wl,-export-dynamic    -lssl -lcrypto  -Wl,-rpath,/home/agent/.local/mise-data/installs/ruby/3.3.7/lib -lruby-static -lrt -lrt -ldl -lcrypt -lm -lpthread  -lssl -lcrypto  -lm -lpthread  -lc"
conftest.c:3:10: fatal error: openssl/ssl.h: No such file or directory
    3 | #include <openssl/ssl.h>
      |          ^~~~~~~~~~~~~~~
compilation terminated.
checked program was:
/* begin */
 1: #include "ruby.h"
 2: 
 3: #include <openssl/ssl.h>
 4: 
 5: /*top*/
 6: extern int t(void);
 7: int main(int argc, char **argv)
 8: {
 9:   if (argc > 1000000) {
10:     int (* volatile tp)(void)=(int (*)(void))&t;
11:     printf("%d", (*tp)());
12:   }
13: 
14:   return !!argv[argc];
15: }
16: extern void SSL_get1_peer_certificate();
17: int t(void) { SSL_get1_peer_certificate(); return 0; }
/* end */

--------------------

