current directory: /workspace/.gem-cache/gems/date-3.5.1/ext/date
/usr/local/bin/ruby extconf.rb
checking for rb_category_warn()... yes
checking for timezone in time.h with -Werror... yes
checking for altzone in time.h with -Werror... no
creating Makefile

current directory: /workspace/.gem-cache/gems/date-3.5.1/ext/date
make DESTDIR\= sitearchdir\=./.gem.20260316-437-n39ged sitelibdir\=./.gem.20260316-437-n39ged clean

current directory: /workspace/.gem-cache/gems/date-3.5.1/ext/date
make DESTDIR\= sitearchdir\=./.gem.20260316-437-n39ged sitelibdir\=./.gem.20260316-437-n39ged
compiling date_core.c
compiling date_parse.c
compiling date_strftime.c
compiling date_strptime.c
linking shared-object date_core.so

current directory: /workspace/.gem-cache/gems/date-3.5.1/ext/date
make DESTDIR\= sitearchdir\=./.gem.20260316-437-n39ged sitelibdir\=./.gem.20260316-437-n39ged install
/usr/bin/install -c -m 0755 date_core.so ./.gem.20260316-437-n39ged

current directory: /workspace/.gem-cache/gems/date-3.5.1/ext/date
make DESTDIR\= sitearchdir\=./.gem.20260316-437-n39ged sitelibdir\=./.gem.20260316-437-n39ged clean
