current directory: /workspace/vendor/gems/ruby/3.4.0/gems/date-3.5.1/ext/date
/usr/local/bin/ruby extconf.rb
checking for rb_category_warn()... yes
checking for timezone in time.h with -Werror... yes
checking for altzone in time.h with -Werror... no
creating Makefile

current directory: /workspace/vendor/gems/ruby/3.4.0/gems/date-3.5.1/ext/date
make DESTDIR\= sitearchdir\=./.gem.20260308-498-2513hy sitelibdir\=./.gem.20260308-498-2513hy clean

current directory: /workspace/vendor/gems/ruby/3.4.0/gems/date-3.5.1/ext/date
make DESTDIR\= sitearchdir\=./.gem.20260308-498-2513hy sitelibdir\=./.gem.20260308-498-2513hy
compiling date_core.c
compiling date_parse.c
compiling date_strftime.c
compiling date_strptime.c
linking shared-object date_core.so

current directory: /workspace/vendor/gems/ruby/3.4.0/gems/date-3.5.1/ext/date
make DESTDIR\= sitearchdir\=./.gem.20260308-498-2513hy sitelibdir\=./.gem.20260308-498-2513hy install
/usr/bin/install -c -m 0755 date_core.so ./.gem.20260308-498-2513hy

current directory: /workspace/vendor/gems/ruby/3.4.0/gems/date-3.5.1/ext/date
make DESTDIR\= sitearchdir\=./.gem.20260308-498-2513hy sitelibdir\=./.gem.20260308-498-2513hy clean
