current directory: /workspace/vendor/bundle/ruby/3.3.0/gems/bcrypt_pbkdf-1.1.2/ext/mri
/home/agent/.local/mise-data/installs/ruby/3.3.7/bin/ruby extconf.rb
creating Makefile

current directory: /workspace/vendor/bundle/ruby/3.3.0/gems/bcrypt_pbkdf-1.1.2/ext/mri
make DESTDIR\= sitearchdir\=./.gem.20260227-11852-k81z6i sitelibdir\=./.gem.20260227-11852-k81z6i clean

current directory: /workspace/vendor/bundle/ruby/3.3.0/gems/bcrypt_pbkdf-1.1.2/ext/mri
make DESTDIR\= sitearchdir\=./.gem.20260227-11852-k81z6i sitelibdir\=./.gem.20260227-11852-k81z6i
compiling bcrypt_pbkdf.c
compiling bcrypt_pbkdf_ext.c
bcrypt_pbkdf_ext.c: In function 'Init_bcrypt_pbkdf_ext':
bcrypt_pbkdf_ext.c:38:6: warning: old-style function definition [-Wold-style-definition]
   38 | void Init_bcrypt_pbkdf_ext(){
      |      ^~~~~~~~~~~~~~~~~~~~~
At top level:
cc1: note: unrecognized command-line option '-Wno-self-assign' may have been intended to silence earlier diagnostics
cc1: note: unrecognized command-line option '-Wno-parentheses-equality' may have been intended to silence earlier diagnostics
cc1: note: unrecognized command-line option '-Wno-constant-logical-operand' may have been intended to silence earlier diagnostics
compiling blowfish.c
compiling explicit_bzero.c
compiling hash_sha512.c
linking shared-object bcrypt_pbkdf_ext.so

current directory: /workspace/vendor/bundle/ruby/3.3.0/gems/bcrypt_pbkdf-1.1.2/ext/mri
make DESTDIR\= sitearchdir\=./.gem.20260227-11852-k81z6i sitelibdir\=./.gem.20260227-11852-k81z6i install
/usr/bin/install -c -m 0755 bcrypt_pbkdf_ext.so ./.gem.20260227-11852-k81z6i

current directory: /workspace/vendor/bundle/ruby/3.3.0/gems/bcrypt_pbkdf-1.1.2/ext/mri
make DESTDIR\= sitearchdir\=./.gem.20260227-11852-k81z6i sitelibdir\=./.gem.20260227-11852-k81z6i clean
