current directory: /workspace/vendor/gems/gems/json-2.18.1/ext/json/ext/parser
/usr/local/bin/ruby extconf.rb
checking for rb_enc_interned_str() in ruby/encoding.h... yes
checking for rb_str_to_interned_str() in ruby.h... yes
checking for rb_hash_new_capa() in ruby.h... yes
checking for rb_hash_bulk_insert() in ruby.h... yes
checking for whether -std=c99 is accepted as CFLAGS... yes
checking for arm_neon.h... yes
checking for cpuid.h... no
creating Makefile

current directory: /workspace/vendor/gems/gems/json-2.18.1/ext/json/ext/parser
make DESTDIR\= sitearchdir\=./.gem.20260308-507-89cwje sitelibdir\=./.gem.20260308-507-89cwje clean

current directory: /workspace/vendor/gems/gems/json-2.18.1/ext/json/ext/parser
make DESTDIR\= sitearchdir\=./.gem.20260308-507-89cwje sitelibdir\=./.gem.20260308-507-89cwje
compiling parser.c
linking shared-object json/ext/parser.so

current directory: /workspace/vendor/gems/gems/json-2.18.1/ext/json/ext/parser
make DESTDIR\= sitearchdir\=./.gem.20260308-507-89cwje sitelibdir\=./.gem.20260308-507-89cwje install
/usr/bin/install -c -m 0755 parser.so ./.gem.20260308-507-89cwje/json/ext

current directory: /workspace/vendor/gems/gems/json-2.18.1/ext/json/ext/parser
make DESTDIR\= sitearchdir\=./.gem.20260308-507-89cwje sitelibdir\=./.gem.20260308-507-89cwje clean
