current directory: /workspace/.rubies/arm64/lib/ruby/gems/3.4.0/gems/date-3.5.1/ext/date
/workspace/.rubies/arm64/bin/ruby extconf.rb
checking for rb_category_warn()... yes
checking for timezone in time.h with -Werror... yes
checking for altzone in time.h with -Werror... no
creating Makefile

current directory: /workspace/.rubies/arm64/lib/ruby/gems/3.4.0/gems/date-3.5.1/ext/date
make DESTDIR\= sitearchdir\=./.gem.20260226-2444-ae1qyw sitelibdir\=./.gem.20260226-2444-ae1qyw clean

current directory: /workspace/.rubies/arm64/lib/ruby/gems/3.4.0/gems/date-3.5.1/ext/date
make DESTDIR\= sitearchdir\=./.gem.20260226-2444-ae1qyw sitelibdir\=./.gem.20260226-2444-ae1qyw
compiling date_core.c
compiling date_parse.c
compiling date_strftime.c
compiling date_strptime.c
linking shared-object date_core.so

current directory: /workspace/.rubies/arm64/lib/ruby/gems/3.4.0/gems/date-3.5.1/ext/date
make DESTDIR\= sitearchdir\=./.gem.20260226-2444-ae1qyw sitelibdir\=./.gem.20260226-2444-ae1qyw install
/usr/bin/install -c -m 0755 date_core.so ./.gem.20260226-2444-ae1qyw

current directory: /workspace/.rubies/arm64/lib/ruby/gems/3.4.0/gems/date-3.5.1/ext/date
make DESTDIR\= sitearchdir\=./.gem.20260226-2444-ae1qyw sitelibdir\=./.gem.20260226-2444-ae1qyw clean
