current directory: /workspace/vendor/gems/ruby/3.4.0/gems/json-2.18.1/ext/json/ext/parser
/usr/local/bin/ruby extconf.rb
checking for rb_enc_interned_str() in ruby/encoding.h... yes
checking for rb_str_to_interned_str() in ruby.h... yes
checking for rb_hash_new_capa() in ruby.h... yes
checking for rb_hash_bulk_insert() in ruby.h... yes
checking for whether -std=c99 is accepted as CFLAGS... yes
checking for arm_neon.h... yes
checking for cpuid.h... no
creating Makefile

current directory: /workspace/vendor/gems/ruby/3.4.0/gems/json-2.18.1/ext/json/ext/parser
make DESTDIR\= sitearchdir\=./.gem.20260308-498-r5tvxm sitelibdir\=./.gem.20260308-498-r5tvxm clean

current directory: /workspace/vendor/gems/ruby/3.4.0/gems/json-2.18.1/ext/json/ext/parser
make DESTDIR\= sitearchdir\=./.gem.20260308-498-r5tvxm sitelibdir\=./.gem.20260308-498-r5tvxm
compiling parser.c
linking shared-object json/ext/parser.so

current directory: /workspace/vendor/gems/ruby/3.4.0/gems/json-2.18.1/ext/json/ext/parser
make DESTDIR\= sitearchdir\=./.gem.20260308-498-r5tvxm sitelibdir\=./.gem.20260308-498-r5tvxm install
/usr/bin/install -c -m 0755 parser.so ./.gem.20260308-498-r5tvxm/json/ext

current directory: /workspace/vendor/gems/ruby/3.4.0/gems/json-2.18.1/ext/json/ext/parser
make DESTDIR\= sitearchdir\=./.gem.20260308-498-r5tvxm sitelibdir\=./.gem.20260308-498-r5tvxm clean
