current directory: /workspace/.rubies/arm64/lib/ruby/gems/3.4.0/gems/json-2.18.1/ext/json/ext/parser
/workspace/.rubies/arm64/bin/ruby extconf.rb
checking for rb_enc_interned_str() in ruby/encoding.h... yes
checking for rb_str_to_interned_str() in ruby.h... yes
checking for rb_hash_new_capa() in ruby.h... yes
checking for rb_hash_bulk_insert() in ruby.h... yes
checking for whether -std=c99 is accepted as CFLAGS... yes
checking for arm_neon.h... yes
checking for cpuid.h... no
creating Makefile

current directory: /workspace/.rubies/arm64/lib/ruby/gems/3.4.0/gems/json-2.18.1/ext/json/ext/parser
make DESTDIR\= sitearchdir\=./.gem.20260226-2444-u0iwm sitelibdir\=./.gem.20260226-2444-u0iwm clean

current directory: /workspace/.rubies/arm64/lib/ruby/gems/3.4.0/gems/json-2.18.1/ext/json/ext/parser
make DESTDIR\= sitearchdir\=./.gem.20260226-2444-u0iwm sitelibdir\=./.gem.20260226-2444-u0iwm
compiling parser.c
linking shared-object json/ext/parser.so

current directory: /workspace/.rubies/arm64/lib/ruby/gems/3.4.0/gems/json-2.18.1/ext/json/ext/parser
make DESTDIR\= sitearchdir\=./.gem.20260226-2444-u0iwm sitelibdir\=./.gem.20260226-2444-u0iwm install
/usr/bin/install -c -m 0755 parser.so ./.gem.20260226-2444-u0iwm/json/ext

current directory: /workspace/.rubies/arm64/lib/ruby/gems/3.4.0/gems/json-2.18.1/ext/json/ext/parser
make DESTDIR\= sitearchdir\=./.gem.20260226-2444-u0iwm sitelibdir\=./.gem.20260226-2444-u0iwm clean
