current directory: /workspace/vendor/bundle/ruby/3.3.0/gems/date-3.5.1/ext/date
/home/agent/.local/mise-data/installs/ruby/3.3.7/bin/ruby extconf.rb
checking for rb_category_warn()... yes
checking for timezone in time.h with  -Werror... yes
checking for altzone in time.h with  -Werror... no
creating Makefile

current directory: /workspace/vendor/bundle/ruby/3.3.0/gems/date-3.5.1/ext/date
make DESTDIR\= sitearchdir\=./.gem.20260227-11852-aycgy sitelibdir\=./.gem.20260227-11852-aycgy clean

current directory: /workspace/vendor/bundle/ruby/3.3.0/gems/date-3.5.1/ext/date
make DESTDIR\= sitearchdir\=./.gem.20260227-11852-aycgy sitelibdir\=./.gem.20260227-11852-aycgy
compiling date_core.c
compiling date_parse.c
compiling date_strftime.c
compiling date_strptime.c
linking shared-object date_core.so

current directory: /workspace/vendor/bundle/ruby/3.3.0/gems/date-3.5.1/ext/date
make DESTDIR\= sitearchdir\=./.gem.20260227-11852-aycgy sitelibdir\=./.gem.20260227-11852-aycgy install
/usr/bin/install -c -m 0755 date_core.so ./.gem.20260227-11852-aycgy

current directory: /workspace/vendor/bundle/ruby/3.3.0/gems/date-3.5.1/ext/date
make DESTDIR\= sitearchdir\=./.gem.20260227-11852-aycgy sitelibdir\=./.gem.20260227-11852-aycgy clean
