have_type: checking for rb_io_mode_t in ruby/io.h... -------------------- no

LD_LIBRARY_PATH=.:/home/agent/.local/mise-data/installs/ruby/3.3.7/lib "cc -o conftest -I/home/agent/.local/mise-data/installs/ruby/3.3.7/include/ruby-3.3.0/aarch64-linux -I/home/agent/.local/mise-data/installs/ruby/3.3.7/include/ruby-3.3.0/ruby/backward -I/home/agent/.local/mise-data/installs/ruby/3.3.7/include/ruby-3.3.0 -I.    -fPIC -O3 -fno-fast-math -ggdb3 -Wall -Wextra -Wdeprecated-declarations -Wdiv-by-zero -Wduplicated-cond -Wimplicit-function-declaration -Wimplicit-int -Wpointer-arith -Wwrite-strings -Wold-style-definition -Wimplicit-fallthrough=0 -Wmissing-noreturn -Wno-cast-function-type -Wno-constant-logical-operand -Wno-long-long -Wno-missing-field-initializers -Wno-overlength-strings -Wno-packed-bitfield-compat -Wno-parentheses-equality -Wno-self-assign -Wno-tautological-compare -Wno-unused-parameter -Wno-unused-value -Wsuggest-attribute=format -Wsuggest-attribute=noreturn -Wunused-variable -Wmisleading-indentation -Wundef conftest.c  -L. -L/home/agent/.local/mise-data/installs/ruby/3.3.7/lib -Wl,-rpath,/home/agent/.local/mise-data/installs/ruby/3.3.7/lib -L. -fstack-protector-strong -rdynamic -Wl,-export-dynamic     -Wl,-rpath,/home/agent/.local/mise-data/installs/ruby/3.3.7/lib -lruby-static -lrt -lrt -ldl -lcrypt -lm -lpthread   -lm -lpthread  -lc"
checked program was:
/* begin */
1: #include "ruby.h"
2: 
3: int main(int argc, char **argv)
4: {
5:   return !!argv[argc];
6: }
/* end */

LD_LIBRARY_PATH=.:/home/agent/.local/mise-data/installs/ruby/3.3.7/lib "cc -I/home/agent/.local/mise-data/installs/ruby/3.3.7/include/ruby-3.3.0/aarch64-linux -I/home/agent/.local/mise-data/installs/ruby/3.3.7/include/ruby-3.3.0/ruby/backward -I/home/agent/.local/mise-data/installs/ruby/3.3.7/include/ruby-3.3.0 -I.    -fPIC -O3 -fno-fast-math -ggdb3 -Wall -Wextra -Wdeprecated-declarations -Wdiv-by-zero -Wduplicated-cond -Wimplicit-function-declaration -Wimplicit-int -Wpointer-arith -Wwrite-strings -Wold-style-definition -Wimplicit-fallthrough=0 -Wmissing-noreturn -Wno-cast-function-type -Wno-constant-logical-operand -Wno-long-long -Wno-missing-field-initializers -Wno-overlength-strings -Wno-packed-bitfield-compat -Wno-parentheses-equality -Wno-self-assign -Wno-tautological-compare -Wno-unused-parameter -Wno-unused-value -Wsuggest-attribute=format -Wsuggest-attribute=noreturn -Wunused-variable -Wmisleading-indentation -Wundef   -c conftest.c"
conftest.c:6:9: error: unknown type name 'rb_io_mode_t'
    6 | typedef rb_io_mode_t conftest_type;
      |         ^~~~~~~~~~~~
cc1: note: unrecognized command-line option '-Wno-self-assign' may have been intended to silence earlier diagnostics
cc1: note: unrecognized command-line option '-Wno-parentheses-equality' may have been intended to silence earlier diagnostics
cc1: note: unrecognized command-line option '-Wno-constant-logical-operand' may have been intended to silence earlier diagnostics
checked program was:
/* begin */
1: #include "ruby.h"
2: 
3: #include <ruby/io.h>
4: 
5: /*top*/
6: typedef rb_io_mode_t conftest_type;
7: int conftestval[sizeof(conftest_type)?1:-1];
/* end */

--------------------

