current directory: /workspace/.bundle-gems/ruby/3.4.0/gems/puma-7.2.0/ext/puma_http11
/usr/local/bin/ruby extconf.rb
checking for pkg-config for openssl... not found
checking for BIO_read() in -llibcrypto... no
checking for BIO_read() in -lcrypto... yes
checking for SSL_CTX_new() in -lssl... yes
checking for openssl/bio.h... yes

──── Below are yes for 1.0.2 & later ────
checking for DTLS_method() in openssl/ssl.h... yes
checking for SSL_CTX_set_session_cache_mode(NULL, 0) in openssl/ssl.h... yes

──── Below are yes for 1.1.0 & later ────
checking for TLS_server_method() in openssl/ssl.h... yes
checking for SSL_CTX_set_min_proto_version(NULL, 0) in openssl/ssl.h... yes

──── Below is yes for 1.1.0 and later, but isn't documented until 3.0.0 ────
checking for SSL_CTX_set_dh_auto(NULL, 0) in openssl/ssl.h... yes

──── Below is yes for 1.1.1 & later ────
checking for SSL_CTX_set_ciphersuites(NULL, "") in openssl/ssl.h... yes

──── Below is yes for 3.0.0 & later ────
checking for SSL_get1_peer_certificate() in openssl/ssl.h... yes

creating Makefile

current directory: /workspace/.bundle-gems/ruby/3.4.0/gems/puma-7.2.0/ext/puma_http11
make DESTDIR\= sitearchdir\=./.gem.20260326-575-dlhwbh sitelibdir\=./.gem.20260326-575-dlhwbh clean

current directory: /workspace/.bundle-gems/ruby/3.4.0/gems/puma-7.2.0/ext/puma_http11
make DESTDIR\= sitearchdir\=./.gem.20260326-575-dlhwbh sitelibdir\=./.gem.20260326-575-dlhwbh
compiling http11_parser.c
ext/puma_http11/http11_parser.c: In function 'puma_parser_execute':
ext/puma_http11/http11_parser.c:436:19: warning: comparison is always true due to limited range of data type [-Wtype-limits]
ext/puma_http11/http11_parser.c:455:19: warning: comparison is always true due to limited range of data type [-Wtype-limits]
ext/puma_http11/http11_parser.c:510:19: warning: comparison is always true due to limited range of data type [-Wtype-limits]
ext/puma_http11/http11_parser.c:531:19: warning: comparison is always true due to limited range of data type [-Wtype-limits]
ext/puma_http11/http11_parser.c:576:9: warning: comparison is always true due to limited range of data type [-Wtype-limits]
ext/puma_http11/http11_parser.c:597:9: warning: comparison is always true due to limited range of data type [-Wtype-limits]
ext/puma_http11/http11_parser.c:619:9: warning: comparison is always true due to limited range of data type [-Wtype-limits]
ext/puma_http11/http11_parser.c:639:9: warning: comparison is always true due to limited range of data type [-Wtype-limits]
At top level:
cc1: note: unrecognized command-line option '-Wno-self-assign' may have been intended to silence earlier diagnostics
cc1: note: unrecognized command-line option '-Wno-parentheses-equality' may have been intended to silence earlier diagnostics
cc1: note: unrecognized command-line option '-Wno-constant-logical-operand' may have been intended to silence earlier diagnostics
compiling mini_ssl.c
compiling puma_http11.c
linking shared-object puma/puma_http11.so

current directory: /workspace/.bundle-gems/ruby/3.4.0/gems/puma-7.2.0/ext/puma_http11
make DESTDIR\= sitearchdir\=./.gem.20260326-575-dlhwbh sitelibdir\=./.gem.20260326-575-dlhwbh install
/usr/bin/install -c -m 0755 puma_http11.so ./.gem.20260326-575-dlhwbh/puma

current directory: /workspace/.bundle-gems/ruby/3.4.0/gems/puma-7.2.0/ext/puma_http11
make DESTDIR\= sitearchdir\=./.gem.20260326-575-dlhwbh sitelibdir\=./.gem.20260326-575-dlhwbh clean
